******************************************************************************
                  TI ARM Linker PC v20.2.7                     
******************************************************************************
>> Linked Wed Jul  2 10:51:34 2025

OUTPUT FILE NAME:   <mtyeA_p070_schnellenergy_9.2.0.1_modem.out>
ENTRY POINT SYMBOL: "ResetISR"  address: 0000e1ad


MEMORY CONFIGURATION

         name            origin    length      used     unused   attr    fill
----------------------  --------  ---------  --------  --------  ----  --------
  FLASH                 00000000   00058000  00017a08  000405f8  R  X
  GPRAM                 11000000   00002000  00000000  00002000  RW X
  SRAM                  20000000   00014000  00005e04  0000e1fc  RW X


SEGMENT ALLOCATION MAP

run origin  load origin   length   init length attrs members
----------  ----------- ---------- ----------- ----- -------
00000000    00000000    000179b8   000179b8    r-x
  00000000    00000000    0000003c   0000003c    r-- .resetVecs
  0000003c    0000003c    00012410   00012410    r-x .text
  00012450    00012450    000051f4   000051f4    r-- .const
  00017648    00017648    00000370   00000370    r-- .cinit
00057fa8    00057fa8    00000058   00000058    r--
  00057fa8    00057fa8    00000058   00000058    r-- .ccfg
20000100    20000100    0000000c   00000000    rw-
  20000100    20000100    00000004   00000000    rw- .data:xdcRomConstPtr
  20000104    20000104    00000004   00000000    rw- .data:xdcRomExternFuncPtr
  20000108    20000108    00000004   00000000    rw- .data:xdcRomStatePtr
20000110    20000110    00001000   00000000    r--
  20000110    20000110    00001000   00000000    r-- .priheap
20001830    20001830    00000010   00000000    rw-
  20001830    20001830    00000010   00000000    rw- .TI.bound:dmaSpi0RxControlTableEntry
20001840    20001840    00000010   00000000    rw-
  20001840    20001840    00000010   00000000    rw- .TI.bound:dmaSpi0TxControlTableEntry
20001850    20001850    00000010   00000000    rw-
  20001850    20001850    00000010   00000000    rw- .TI.bound:dmaUart1RxControlTableEntry
20001860    20001860    00000010   00000000    rw-
  20001860    20001860    00000010   00000000    rw- .TI.bound:dmaUart1TxControlTableEntry
20001a30    20001a30    00000010   00000000    rw-
  20001a30    20001a30    00000010   00000000    rw- .TI.bound:dmaSpi0RxAltControlTableEntry
20001a40    20001a40    000048d0   00000000    rw-
  20001a40    20001a40    00000010   00000000    rw- .TI.bound:dmaSpi0TxAltControlTableEntry
  20001a50    20001a50    00002e70   00000000    rw- .data
  200048c0    200048c0    00001a50   00000000    rw- .bss
20013c00    20013c00    00000400   00000000    rw-
  20013c00    20013c00    00000400   00000000    rw- .stack


SECTION ALLOCATION MAP

 output                                  attributes/
section   page    origin      length       input sections
--------  ----  ----------  ----------   ----------------
.binit     0    00000000    00000000     

.cinit     0    00017648    00000370     
                  00017648    000002ba     (.cinit..data.load) [load image, compression = lzss]
                  00017902    00000002     --HOLE-- [fill = 0]
                  00017904    0000000c     (__TI_handler_table)
                  00017910    00000008     (.cinit..TI.bound:dmaSpi0RxAltControlTableEntry.load) [load image, compression = zero_init]
                  00017918    00000008     (.cinit..TI.bound:dmaSpi0RxControlTableEntry.load) [load image, compression = zero_init]
                  00017920    00000008     (.cinit..TI.bound:dmaSpi0TxAltControlTableEntry.load) [load image, compression = zero_init]
                  00017928    00000008     (.cinit..TI.bound:dmaSpi0TxControlTableEntry.load) [load image, compression = zero_init]
                  00017930    00000008     (.cinit..TI.bound:dmaUart1RxControlTableEntry.load) [load image, compression = zero_init]
                  00017938    00000008     (.cinit..TI.bound:dmaUart1TxControlTableEntry.load) [load image, compression = zero_init]
                  00017940    00000008     (.cinit..bss.load) [load image, compression = zero_init]
                  00017948    00000008     (.cinit..data:xdcRomConstPtr.load) [load image, compression = lzss]
                  00017950    00000008     (.cinit..data:xdcRomExternFuncPtr.load) [load image, compression = lzss]
                  00017958    00000008     (.cinit..data:xdcRomStatePtr.load) [load image, compression = lzss]
                  00017960    00000058     (__TI_cinit_table)

.init_array 
*          0    00000000    00000000     UNINITIALIZED

.ccfg      0    00057fa8    00000058     
                  00057fa8    00000058     ti_devices_config.obj (.ccfg:retain)

.data      0    20001a50    00002e70     UNINITIALIZED
                  20001a50    00002000     mtyeA_p070_schnellenergy_9.2.0.1.lib : sf_sal_mioty.o (.data:gGlobalBuffer)
                  20003a50    00000508     rf_multiMode_cc13x2.a : RFCC26X2_multiMode.c.cc13x2.ccs.o (.data:$O1$$)
                  20003f58    00000170     drivers_cc13x2.a : PowerCC26X2.oem4f (.data:PowerCC26X2_module)
                  200040c8    0000010c     release_pem4f.oem4f (.data:ROM_stateStruct)
                  200041d4    000000b4     rom_sysbios.aem4f : rom_sysbios.obj (.data:$O1$$)
                  20004288    000000ac     mtyeA_p070_schnellenergy_9.2.0.1.lib : miotyEp.o (.data:_node)
                  20004334    0000007c     ti_drivers_config.obj (.data:gpioPinConfigs)
                  200043b0    0000005c     mtyeA_p070_schnellenergy_9.2.0.1.lib : sf_sal_mioty.o (.data:$O1$$)
                  2000440c    00000054                                          : sf_cc13x2_miotyRegistersPrv.o (.data:gRfUl_overrides)
                  20004460    00000050                                          : sf_mioty_hal_wrapper.o (.data:$O1$$)
                  200044b0    0000004c     release_pem4f.oem4f (.data:ti_sysbios_knl_Task_Object__table__V)
                  200044fc    00000004     mtyeA_p070_schnellenergy_9.2.0.1.lib : crc2.o (.data:$O1$$)
                  20004500    00000048     release_pem4f.oem4f (.data:ti_sysbios_family_arm_cc26xx_Timer_Object__table__V)
                  20004548    00000038     release_pem4f.oem4f (.data:ti_sysbios_gates_GateMutex_Object__table__V)
                  20004580    00000030     release_pem4f.oem4f (.data:ti_sysbios_knl_Swi_Module_State_0_readyQ__A)
                  200045b0    00000030     release_pem4f.oem4f (.data:ti_sysbios_knl_Swi_Object__table__V)
                  200045e0    00000030     release_pem4f.oem4f (.data:ti_sysbios_knl_Task_Module_State_0_readyQ__A)
                  20004610    0000002c     sf_cc13x2_miotyRegisters.obj (.data:rfDl_propRadioDivSetup_overrides)
                  2000463c    00000028     sf_cc13x2_miotyRegisters.obj (.data:gRfDl_cmdPropRadioDivSetup)
                  20004664    00000028     sf_cc13x2_miotyRegisters.obj (.data:gRfUl_cmdPropRadioDivSetup)
                  2000468c    00000024     driverlib.lib : osc.obj (.data:$O1$$)
                  200046b0    00000024     sf_cc13x2_miotyRegisters.obj (.data:gRfDl_cmdPropRx)
                  200046d4    00000020     sf_cc13x2_miotyRegisters.obj (.data:gRf_cmdPropTx)
                  200046f4    00000020     release_pem4f.oem4f (.data:ti_sysbios_knl_Clock_Object__table__V)
                  20004714    00000020     release_pem4f.oem4f (.data:xdc_runtime_Error_IgnoreBlock)
                  20004734    0000001c     mtyeA_p070_schnellenergy_9.2.0.1.lib : sf_memory_allocation.o (.data:$O1$$)
                  20004750    00000018     sf_cc13x2_miotyRegisters.obj (.data:gRfDl_cmdFs)
                  20004768    00000018     sf_cc13x2_miotyRegisters.obj (.data:gRfUl_cmdFS)
                  20004780    00000018     release_pem4f.oem4f (.data:ti_sysbios_family_arm_m3_Hwi_Object__table__V)
                  20004798    00000018     release_pem4f.oem4f (.data:ti_sysbios_heaps_HeapMem_Object__table__V)
                  200047b0    00000014     sf_stack_hal_mioty_timer.obj (.data)
                  200047c4    00000010     mtyeA_p070_schnellenergy_9.2.0.1.lib : sf_stack.o (.data:gCtx)
                  200047d4    00000010                                          : sf_palm.o (.data:gPalmCtx)
                  200047e4    00000010     sf_cc13x2_miotyRegisters.obj (.data:gRfDl_prop)
                  200047f4    00000010     sf_cc13x2_miotyRegisters.obj (.data:gRfProp)
                  20004804    0000000c     scif_framework.obj (.data)
                  20004810    0000000a     config.obj (.data:TMP1075_0_state)
                  2000481a    00000002     drivers_cc13x2.a : ADCCC26XX.oem4f (.data)
                  2000481c    00000008     rtsv7M4_T_le_v4SPD16_eabi.lib : _lock.c.obj (.data:$O1$$)
                  20004824    00000008     rf_multiMode_cc13x2.a : RFCC26X2_multiMode.c.cc13x2.ccs.o (.data:RFCC26XX_schedulerPolicy)
                  2000482c    00000008     release_pem4f.oem4f (.data:ti_sysbios_family_arm_m3_Hwi_Module__root__V)
                  20004834    00000008     release_pem4f.oem4f (.data:ti_sysbios_gates_GateHwi_Module__root__V)
                  2000483c    00000008     release_pem4f.oem4f (.data:ti_sysbios_gates_GateMutex_Module__root__V)
                  20004844    00000008     release_pem4f.oem4f (.data:ti_sysbios_hal_Hwi_Module__root__V)
                  2000484c    00000008     release_pem4f.oem4f (.data:ti_sysbios_heaps_HeapMem_Module__root__V)
                  20004854    00000008     release_pem4f.oem4f (.data:ti_sysbios_knl_Clock_Module__root__V)
                  2000485c    00000008     release_pem4f.oem4f (.data:ti_sysbios_knl_Event_Module__root__V)
                  20004864    00000008     release_pem4f.oem4f (.data:ti_sysbios_knl_Mailbox_Module__root__V)
                  2000486c    00000008     release_pem4f.oem4f (.data:ti_sysbios_knl_Queue_Module__root__V)
                  20004874    00000008     release_pem4f.oem4f (.data:ti_sysbios_knl_Semaphore_Module__root__V)
                  2000487c    00000008     release_pem4f.oem4f (.data:ti_sysbios_knl_Swi_Module__root__V)
                  20004884    00000008     release_pem4f.oem4f (.data:ti_sysbios_knl_Task_Module__root__V)
                  2000488c    00000008     release_pem4f.oem4f (.data:xdc_runtime_System_Module_State_0_atexitHandlers__A)
                  20004894    00000004     mtyeA_p070_schnellenergy_9.2.0.1.lib : crc8.o (.data:$O1$$)
                  20004898    00000004     rtsv7M4_T_le_v4SPD16_eabi.lib : stkdepth_vars.c.obj (.data)
                  2000489c    00000004     sf_app_hal_timer.obj (.data)
                  200048a0    00000004     sf_stack_hal_mioty_rf.obj (.data)
                  200048a4    00000004     release_pem4f.oem4f (.data:ti_sysbios_family_arm_m3_Hwi_Module_State_0_excContext__A)
                  200048a8    00000004     release_pem4f.oem4f (.data:ti_sysbios_family_arm_m3_Hwi_Module_State_0_excStack__A)
                  200048ac    00000004     release_pem4f.oem4f (.data:ti_sysbios_knl_Task_Module_State_0_idleTask__A)
                  200048b0    00000003     exampleMain.obj (.data)
                  200048b3    00000002     drivers_cc13x2.a : CryptoResourceCC26XX.oem4f (.data)
                  200048b5    00000001                      : ADC.oem4f (.data)
                  200048b6    00000002     release_pem4f.oem4f (.data:ti_sysbios_family_arm_m3_Hwi_Module_State_0_excActive__A)
                  200048b8    00000001     drivers_cc13x2.a : AESECBCC26XX.oem4f (.data)
                  200048b9    00000001                      : GPIOCC26XX.oem4f (.data)
                  200048ba    00000001                      : NVS.oem4f (.data)
                  200048bb    00000001                      : SPI.oem4f (.data)
                  200048bc    00000001                      : UART.oem4f (.data)
                  200048bd    00000001     flash_interface_ext_rtos_NVS.obj (.data)
                  200048be    00000001     mtyeA_p070_schnellenergy_9.2.0.1.lib : sf_sal_mioty.o (.data)
                  200048bf    00000001     sf_app_hal_lp.obj (.data)

.bss       0    200048c0    00001a50     UNINITIALIZED
                  200048c0    00000800     RtosMain.obj (.bss:gStackTaskStack)
                  200050c0    00000200     sf_stack_hal_serial.obj (.bss:gSerialTaskStack)
                  200052c0    00000200     release_pem4f.oem4f (.bss:taskStackSection)
                  200054c0    000001ac     (.common:uartCC26XXObjects)
                  2000566c    00000180     sf_stack_hal_mem.obj (.bss:gRam)
                  200057ec    00000140     (.common:i2cCC26xxObjects)
                  2000592c    00000100     ti_drivers_config.obj (.bss:verifyBuf)
                  20005a2c    00000004     exampleMain.obj (.bss)
                  20005a30    00000100     (.common:gRfObject)
                  20005b30    00000100     (.common:spiCC26X2DMAObjects)
                  20005c30    000000d8     (.common:ti_sysbios_family_arm_m3_Hwi_dispatchTable)
                  20005d08    0000007c     (.common:gpioCallbackFunctions)
                  20005d84    0000007c     (.common:gpioUserArgs)
                  20005e00    00000050     mtyeA_p070_schnellenergy_9.2.0.1.lib : sf_mioty_ep_ll.o (.bss:$O1$$)
                  20005e50    00000050     drivers_cc13x2.a : ADCCC26XX.oem4f (.bss:adcSemaphore)
                  20005ea0    00000050     (.common:CryptoResourceCC26XX_accessSemaphore)
                  20005ef0    00000050     (.common:CryptoResourceCC26XX_operationSemaphore)
                  20005f40    00000050     (.common:gSerialTask)
                  20005f90    00000050     (.common:gStackTaskStruct)
                  20005fe0    0000003c     RtosMain.obj (.bss:gStackTaskParams)
                  2000601c    00000004     flash_interface_ext_rtos_NVS.obj (.bss)
                  20006020    00000038     mtyeA_p070_schnellenergy_9.2.0.1.lib : miotyEpTrx.o (.bss:$O1$$)
                  20006058    00000034     scif_framework.obj (.bss:scifData)
                  2000608c    00000028     (.common:aesecbCC26XXObjects)
                  200060b4    00000028     (.common:gMiotyRfCtx)
                  200060dc    00000024     sf_app_hal_lp.obj (.bss:semUpdateTriggerParams)
                  20006100    00000024     (.common:params)
                  20006124    00000020     ti_drivers_config.obj (.bss:uartCC26XXRingBuffer0)
                  20006144    00000020     (.common:udmaCC26XXObject)
                  20006164    0000001c     sf_stack_hal_mioty_timer.obj (.bss:gHwiHfTimer)
                  20006180    0000001c     sf_stack_hal_serial.obj (.bss:gSerialSem)
                  2000619c    0000001c     drivers_cc13x2.a : GPIOCC26XX.oem4f (.bss:gpioHwi)
                  200061b8    0000001c     scif_framework.obj (.bss:hwiCtrlReady)
                  200061d4    0000001c     scif_framework.obj (.bss:hwiTaskAlert)
                  200061f0    0000001c     scif_framework.obj (.bss:semCtrlReady)
                  2000620c    0000001c     sf_app_hal_lp.obj (.bss:semUpdateTriggerStruct)
                  20006228    0000001c     (.common:CryptoResourceCC26XX_hwi)
                  20006244    00000018     (.common:gMiotyRadioCtx)
                  2000625c    00000014     rf_multiMode_cc13x2.a : RFCC26X2_multiMode.c.cc13x2.ccs.o (.bss:RF_ratSyncCmd)
                  20006270    00000010     sf_stack_hal_aes.obj (.bss:gKey)
                  20006280    00000010     drivers_cc13x2.a : NVSSPI25X.oem4f (.bss:spiHandles)
                  20006290    00000010     (.common:gCryptoKey)
                  200062a0    00000010     (.common:i2cParams)
                  200062b0    0000000c                      : NVSSPI25X.oem4f (.bss)
                  200062bc    0000000c     flash_interface_ext_rtos_NVS.obj (.bss:regionAttrs)
                  200062c8    0000000c     (.common:nvsSPI25XObjects)
                  200062d4    00000008     sf_stack_hal_mioty_rf.obj (.bss:dataQueue$1)
                  200062dc    00000004     mtyeA_p070_schnellenergy_9.2.0.1.lib : stdec_viterbi.o (.bss)
                  200062e0    00000004     flash_interface_ext_rtos_NVS.obj (.bss:nvsParams)
                  200062e4    00000004     sf_app_hal_timer.obj (.bss)
                  200062e8    00000004     drivers_cc13x2.a : NVSSPI25X.oem4f (.bss:spiHandleUsers)
                  200062ec    00000004     (.common:PowerCC26XX_swiKey)
                  200062f0    00000004     (.common:PowerCC26XX_taskKey)
                  200062f4    00000004     (.common:adcCC26xxObjects)
                  200062f8    00000004     (.common:gfp_callback)
                  200062fc    00000004     (.common:i2c)
                  20006300    00000004     (.common:semUpdateTriggerHandle)
                  20006304    00000004     (.common:tmp10750TempAsFloatCelsius)
                  20006308    00000004     (.common:uartHandle)
                  2000630c    00000001     mtyeA_p070_schnellenergy_9.2.0.1.lib : sf_stack.o (.bss)
                  2000630d    00000001     rf_multiMode_cc13x2.a : RFCC26X2_multiMode.c.cc13x2.ccs.o (.bss)
                  2000630e    00000001     (.common:gb_readActive)
                  2000630f    00000001     (.common:gc_uart_RtosBuffer)

.stack     0    20013c00    00000400     UNINITIALIZED
                  20013c00    00000400     --HOLE--

.priheap   0    20000110    00001000     UNINITIALIZED
                  20000110    00001000     --HOLE--

.data:xdcRomConstPtr 
*          0    20000100    00000004     UNINITIALIZED
                  20000100    00000004     release_pem4f.oem4f (.data:xdcRomConstPtr)

.data:xdcRomExternFuncPtr 
*          0    20000104    00000004     UNINITIALIZED
                  20000104    00000004     release_pem4f.oem4f (.data:xdcRomExternFuncPtr)

.data:xdcRomStatePtr 
*          0    20000108    00000004     UNINITIALIZED
                  20000108    00000004     release_pem4f.oem4f (.data:xdcRomStatePtr)

.bootVecs 
*          0    00000000    00000008     DSECT
                  00000000    00000008     boot.aem4f : boot.oem4f (.bootVecs)

.resetVecs 
*          0    00000000    0000003c     
                  00000000    0000003c     release_pem4f.oem4f (.resetVecs)

.vecs      0    20000000    000000d8     NOLOAD SECTION
                  20000000    000000d8     release_pem4f.oem4f (.vecs)

xdc.meta   0    00000000    0000010f     COPY SECTION
                  00000000    0000010f     release_pem4f.oem4f (xdc.meta)

xdc.noload 
*          0    00000000    00000000     COPY SECTION

__llvm_prf_cnts 
*          0    20000000    00000000     UNINITIALIZED

.TI.bound:dmaSpi0RxControlTableEntry 
*          0    20001830    00000010     UNINITIALIZED
                  20001830    00000010     ti_drivers_config.obj (.TI.bound:dmaSpi0RxControlTableEntry)

.TI.bound:dmaSpi0TxControlTableEntry 
*          0    20001840    00000010     UNINITIALIZED
                  20001840    00000010     ti_drivers_config.obj (.TI.bound:dmaSpi0TxControlTableEntry)

.TI.bound:dmaUart1RxControlTableEntry 
*          0    20001850    00000010     UNINITIALIZED
                  20001850    00000010     ti_drivers_config.obj (.TI.bound:dmaUart1RxControlTableEntry)

.TI.bound:dmaUart1TxControlTableEntry 
*          0    20001860    00000010     UNINITIALIZED
                  20001860    00000010     ti_drivers_config.obj (.TI.bound:dmaUart1TxControlTableEntry)

.TI.bound:dmaSpi0RxAltControlTableEntry 
*          0    20001a30    00000010     UNINITIALIZED
                  20001a30    00000010     ti_drivers_config.obj (.TI.bound:dmaSpi0RxAltControlTableEntry)

.TI.bound:dmaSpi0TxAltControlTableEntry 
*          0    20001a40    00000010     UNINITIALIZED
                  20001a40    00000010     ti_drivers_config.obj (.TI.bound:dmaSpi0TxAltControlTableEntry)

.text      0    0000003c    00012410     
                  0000003c    00000afa     mtyeA_p070_schnellenergy_9.2.0.1.lib : stdec_viterbi.o (.text:STDEC_ViterbiDec)
                  00000b36    00000002     ti_drivers_config.obj (.text:Board_initHook)
                  00000b38    0000099c     mtyeA_p070_schnellenergy_9.2.0.1.lib : etsidl_decoder.o (.text:EtsiDlDecoder_ProcessIqData)
                  000014d4    0000091a                                          : stdec_sync.o (.text:STDEC_GetSyncArbitraryPilots)
                  00001dee    00000002     drivers_cc13x2.a : I2C.oem4f (.text:I2C_init)
                  00001df0    000008e4     mtyeA_p070_schnellenergy_9.2.0.1.lib : etsidl_sync.o (.text:ETSIDL_GetSyncFixedPilots0x42E8_SingleFreq)
                  000026d4    000004c0     rf_multiMode_cc13x2.a : RFCC26X2_multiMode.c.cc13x2.ccs.o (.text:RF_fsmActiveState)
                  00002b94    000004a2     mtyeA_p070_schnellenergy_9.2.0.1.lib : stdec_symbol_processing.o (.text:GetFineFreqOffsetFxp)
                  00003036    00000002     rf_multiMode_cc13x2.a : rfc.c.cc13x2.ccs.o (.text:NOROM_RFCCpePatchReset)
                  00003038    000003f4     mtyeA_p070_schnellenergy_9.2.0.1.lib : miotyAsyncDlPhy.o (.text:miotyAsyncDlPhy_confirmJobDone)
                  0000342c    000003ea                                          : stdec_symbol_processing.o (.text:GetCoarseFreqOffsetFxp)
                  00003816    00000002     drivers_cc13x2.a : NVSSPI25X.oem4f (.text:NVSSPI25X_deinitSpiCs)
                  00003818    000003cc     mtyeA_p070_schnellenergy_9.2.0.1.lib : miotyUlPhy.o (.text:miotyUlPhy_initForNewTelegram)
                  00003be4    000003c0                                          : sf_mioty_ep_ll.o (.text:sf_mioty_ep_ll_process)
                  00003fa4    0000033c     drivers_cc13x2.a : SPICC26X2DMA.oem4f (.text:SPICC26X2DMA_transfer)
                  000042e0    000002d0     mtyeA_p070_schnellenergy_9.2.0.1.lib : stdec_signal_EsN0_estm.o (.text:STDEC_EstimateEsN0_NUB)
                  000045b0    000002c4                                          : miotyUlPhy.o (.text:generateTxRequest)
                  00004874    000002b8                                          : miotyAsyncDlPhy.o (.text:miotyAsyncDlPhy_initForNewTelegram)
                  00004b2c    00000298     rf_multiMode_cc13x2.a : RFCC26X2_multiMode.c.cc13x2.ccs.o (.text:RF_open)
                  00004dc4    00000268     mtyeA_p070_schnellenergy_9.2.0.1.lib : stdec_symbol_processing.o (.text:STDEC_MatchedFilter)
                  0000502c    00000260                                          : stdec_symbol_processing.o (.text:STDEC_RemoveInterferedSymsFromPreambles)
                  0000528c    0000025e                                          : mioty_ep_core_mac.o (.text:mioty_ep_mac_pack_packet)
                  000054ea    00000002     rf_multiMode_cc13x2.a : RFCC26X2_multiMode.c.cc13x2.ccs.o (.text:RF_defaultCallback)
                  000054ec    00000248     mtyeA_p070_schnellenergy_9.2.0.1.lib : sf_stack_hal_mioty_radio.o (.text:loc_getRxFreqSettings)
                  00005734    00000228                                          : miotyEpRadioJob.o (.text:miotyEpRadioJob_confirm)
                  0000595c    000001f2     drivers_cc13x2.a : SPICC26X2DMA.oem4f (.text:SPICC26X2DMA_hwiFxn)
                  00005b4e    000001e6     mtyeA_p070_schnellenergy_9.2.0.1.lib : mioty_ep_core_mac_bidi.o (.text:mioty_ep_mac_pack_attach)
                  00005d34    000001dc     rf_multiMode_cc13x2.a : RFCC26X2_multiMode.c.cc13x2.ccs.o (.text:RF_dispatchNextCmd)
                  00005f10    000001d0     sf_stack_hal_mioty_rf.obj (.text:sf_stack_hal_mioty_rf_configRx)
                  000060e0    000001c6     mtyeA_p070_schnellenergy_9.2.0.1.lib : mioty_ep_core_mac_bidi.o (.text:mioty_ep_mac_check_packet_helper)
                  000062a6    000001b6     rtsv7M4_T_le_v4SPD16_eabi.lib : fd_add_t2.asm.obj (.text)
                  0000645c    000001b0     mtyeA_p070_schnellenergy_9.2.0.1.lib : miotyEp.o (.text:miotyEp_init)
                  0000660c    0000019c     sf_stack_hal_mioty_rf.obj (.text:sf_stack_hal_mioty_rf_rx)
                  000067a8    00000198     drivers_cc13x2.a : PowerCC26X2.oem4f (.text:Power_sleep)
                  00006940    00000190                      : PowerCC26X2_calibrateRCOSC.oem4f (.text:calibrateRcoscHf1)
                  00006ad0    0000018c                      : PowerCC26X2_calibrateRCOSC.oem4f (.text:runCalibrateFsm)
                  00006c5c    00000188     release_pem4f.oem4f (.text:xdc_runtime_System_printfExtend__I)
                  00006de4    00000184     mtyeA_p070_schnellenergy_9.2.0.1.lib : stdec_symbol_processing.o (.text:EstimateHopPhases)
                  00006f68    00000178                                          : stdec_symbol_processing.o (.text:GetPilotSamplesQ15FromBits)
                  000070e0    00000170     drivers_cc13x2.a : SPICC26X2DMA.oem4f (.text:SPICC26X2DMA_transferCancel)
                  00007250    0000016c                      : PowerCC26X2.oem4f (.text:Power_init)
                  000073bc    00000168                      : NVSSPI25X.oem4f (.text:NVSSPI25X_write)
                  00007524    00000160     mtyeA_p070_schnellenergy_9.2.0.1.lib : miotyEpTrx.o (.text:miotyEpInternal_beginTransceiveMac)
                  00007684    00000154     rf_multiMode_cc13x2.a : RFCC26X2_multiMode.c.cc13x2.ccs.o (.text:RF_radioOpDoneCb)
                  000077d8    00000154     drivers_cc13x2.a : UARTCC26XX.oem4f (.text:UARTCC26XX_hwiIntFxn)
                  0000792c    00000150     mtyeA_p070_schnellenergy_9.2.0.1.lib : sf_sal_mioty.o (.text:sf_sal_mioty_send)
                  00007a7c    00000148     drivers_cc13x2.a : AESECBCC26XX.oem4f (.text:AESECB_addDataInternal)
                  00007bc4    00000144     rf_multiMode_cc13x2.a : RFCC26X2_multiMode.c.cc13x2.ccs.o (.text:RF_fsmSetupState)
                  00007d08    00000140     drivers_cc13x2.a : UARTCC26XX.oem4f (.text:UARTCC26XX_open)
                  00007e48    0000013a                      : UARTCC26XX.oem4f (.text:UARTCC26XX_read)
                  00007f82    00000002     mtyeA_p070_schnellenergy_9.2.0.1.lib : mioty_ep_core_mac.o (.text:_attachStateChangedHandlerStub)
                  00007f84    00000138     rf_multiMode_cc13x2.a : RFCC26X2_multiMode.c.cc13x2.ccs.o (.text:RF_abortCmd)
                  000080bc    00000130     drivers_cc13x2.a : SPICC26X2DMA.oem4f (.text:configNextTransfer)
                  000081ec    00000130     mtyeA_p070_schnellenergy_9.2.0.1.lib : mioty_ep_core_mac_crypto.o (.text:mioty_ep_mac_cmac)
                  0000831c    00000128     drivers_cc13x2.a : SPICC26X2DMA.oem4f (.text:SPICC26X2DMA_open)
                  00008444    00000122                      : I2C.oem4f (.text:I2C_transferTimeout)
                  00008566    00000002     rtsv7M4_T_le_v4SPD16_eabi.lib : _lock.c.obj (.text:_nop)
                  00008568    00000120     rf_multiMode_cc13x2.a : RFCC26X2_multiMode.c.cc13x2.ccs.o (.text:RF_close)
                  00008688    00000120     drivers_cc13x2.a : PowerCC26X2.oem4f (.text:configureXOSCHF)
                  000087a8    00000110                      : I2CCC26XX.oem4f (.text:I2CCC26XX_hwiFxn)
                  000088b8    0000010c                      : I2CCC26XX.oem4f (.text:I2C_open)
                  000089c4    00000104     rf_multiMode_cc13x2.a : RFCC26X2_multiMode.c.cc13x2.ccs.o (.text:RF_hwiCpe0Active)
                  00008ac8    00000100     mtyeA_p070_schnellenergy_9.2.0.1.lib : sf_mioty_hal_wrapper.o (.text:loc_wrapFhInput)
                  00008bc8    00000100                                          : miotyEpTrx.o (.text:miotyEp_processRx)
                  00008cc8    000000fc     rf_multiMode_cc13x2.a : RFCC26X2_multiMode.c.cc13x2.ccs.o (.text:RF_decodeOverridePointers)
                  00008dc4    000000fc     rtsv7M4_T_le_v4SPD16_eabi.lib : fd_mul_t2.asm.obj (.text)
                  00008ec0    000000f8     drivers_cc13x2.a : ADCCC26XX.oem4f (.text:ADCCC26XX_convertChain)
                  00008fb8    000000f8     mtyeA_p070_schnellenergy_9.2.0.1.lib : miotyEpTrx.o (.text:BeginTransceivePhy)
                  000090b0    000000f8     drivers_cc13x2.a : NVSSPI25X.oem4f (.text:NVSSPI25X_open)
                  000091a8    000000f0                      : ADCCC26XX.oem4f (.text:ADCCC26XX_convert)
                  00009298    000000f0     driverlib.lib : sys_ctrl.obj (.text:NOROM_SysCtrlStandby)
                  00009388    000000f0     rf_multiMode_cc13x2.a : RFCC26X2_multiMode.c.cc13x2.ccs.o (.text:RF_fsmPowerUpState)
                  00009478    000000f0     mtyeA_p070_schnellenergy_9.2.0.1.lib : sf_sal_mioty.o (.text:loc_setEui64)
                  00009568    000000ee     drivers_cc13x2.a : SPICC26X2DMA.oem4f (.text:SPICC26X2DMA_control)
                  00009656    00000002                      : PowerCC26X2.oem4f (.text:emptyClockFunc)
                  00009658    000000ec     mtyeA_p070_schnellenergy_9.2.0.1.lib : stdec_symbol_processing.o (.text:STDEC_GetCoreblockPreamblesFromSignature)
                  00009744    000000ea                                          : etsidl_decoder.o (.text:EtsiDlDecoder_CheckCoreblockAndExtractData)
                  0000982e    00000002     drivers_cc13x2.a : CryptoResourceCC26XX.oem4f (.text:errorSpin)
                  00009830    000000e8                      : GPIOCC26XX.oem4f (.text:GPIO_init)
                  00009918    000000e8     scif_framework.obj (.text:scifInit)
                  00009a00    000000e4     rf_multiMode_cc13x2.a : RFCC26X2_multiMode.c.cc13x2.ccs.o (.text:RF_postCmd)
                  00009ae4    000000e0     drivers_cc13x2.a : UARTCC26XX.oem4f (.text:UARTCC26XX_write)
                  00009bc4    000000d8     rf_multiMode_cc13x2.a : RFCC26X2_multiMode.c.cc13x2.ccs.o (.text:RF_pendCmd)
                  00009c9c    000000d8     mtyeA_p070_schnellenergy_9.2.0.1.lib : stdec_symbol_processing.o (.text:STDEC_FreqPhaseCorrAndMskDemod)
                  00009d74    000000d2     rf_multiMode_cc13x2.a : RFCC26X2_multiMode.c.cc13x2.ccs.o (.text:RF_updatePaConfiguration)
                  00009e46    00000002     sf_drv_cc13x2_lfxoCalib.obj (.text:loc_scCtrlReadyCallback)
                  00009e48    000000d0     mtyeA_p070_schnellenergy_9.2.0.1.lib : stdec_fixmath.o (.text:STDEC_atan2)
                  00009f18    000000d0     sf_stack_hal_mioty_timer.obj (.text:sf_stack_hal_mioty_timer_delayTill)
                  00009fe8    000000d0     mtyeA_p070_schnellenergy_9.2.0.1.lib : miotyEpTrx.o (.text:tx_radioApiV2Default)
                  0000a0b8    000000ce                                          : sf_rc4.o (.text:sf_rc4)
                  0000a186    00000002     sf_drv_cc13x2_lfxoCalib.obj (.text:loc_scTaskAlertCallback)
                  0000a188    000000cc     driverlib.lib : aes.obj (.text:NOROM_AESWriteToKeyStore)
                  0000a254    000000cc     rf_multiMode_cc13x2.a : RFCC26X2_multiMode.c.cc13x2.ccs.o (.text:RF_swiHw)
                  0000a320    000000c8     dpl_cc13x2.a : PowerCC26X2_tirtos.oem4f (.text:PowerCC26XX_standbyPolicy)
                  0000a3e8    000000c6     mtyeA_p070_schnellenergy_9.2.0.1.lib : stdec_symbol_processing.o (.text:STDEC_RemoveInterferedSyms)
                  0000a4ae    00000002     sf_drv_cc13x2_lfxoCalib.obj (.text:loc_scifDriverSetupUninit)
                  0000a4b0    000000c4     mtyeA_p070_schnellenergy_9.2.0.1.lib : sf_stack_hal_mioty_radio.o (.text:loc_getTxSettings)
                  0000a574    000000c0     drivers_cc13x2.a : PowerCC26X2.oem4f (.text:Power_releaseDependency)
                  0000a634    000000bc     driverlib.lib : setup.obj (.text:NOROM_SetupTrimDevice)
                  0000a6f0    000000bc     rf_multiMode_cc13x2.a : RFCC26X2_multiMode.c.cc13x2.ccs.o (.text:RF_initRadioSetup)
                  0000a7ac    000000bc     mtyeA_p070_schnellenergy_9.2.0.1.lib : stdec_symbol_processing.o (.text:STDEC_FlattenPreambleWithArbitraryPilots)
                  0000a868    000000bc     sf_stack_hal_mioty_timer.obj (.text:loc_hfTimer_delayTill)
                  0000a924    000000bc     mtyeA_p070_schnellenergy_9.2.0.1.lib : sf_stack.o (.text:sf_stack_selectStack)
                  0000a9e0    000000ba     drivers_cc13x2.a : I2CCC26XX.oem4f (.text:I2CCC26XX_swiFxn)
                  0000aa9a    000000b8     mtyeA_p070_schnellenergy_9.2.0.1.lib : etsidl_decoder.o (.text:EtsiDlDecoder_InitForExtensionblock)
                  0000ab52    00000002                                          : miotyEpOptionalFunctions.o (.text:miotyEpCallbackDl_coreBlockProcessed)
                  0000ab54    000000b8     drivers_cc13x2.a : PowerCC26X2.oem4f (.text:Power_setDependency)
                  0000ac0c    000000b8                      : UARTCC26XX.oem4f (.text:UARTCC26XX_initHw)
                  0000acc4    000000b8                      : NVSSPI25X.oem4f (.text:doErase)
                  0000ad7c    000000b6     mtyeA_p070_schnellenergy_9.2.0.1.lib : miotyEpRadioJob.o (.text:miotyEpRadioJob_txJob2SymbolSubpacket)
                  0000ae32    00000002                                          : miotyEpOptionalFunctions.o (.text:miotyEpCallbackDl_dlMetaInfoGenerated)
                  0000ae34    000000b4                                          : sf_mioty_hal_wrapper.o (.text:miotyEpHalRadio_txSymbolSubpackets)
                  0000aee8    000000b4                                          : miotyEpTrx.o (.text:miotyEp_getNextRxSlot)
                  0000af9c    000000b4                                          : mioty_ep_core_mac_crypto.o (.text:mioty_ep_mac_crypt)
                  0000b050    000000b0     driverlib.lib : setup.obj (.text:TrimAfterColdResetWakeupFromShutDown)
                  0000b100    000000ac     mtyeA_p070_schnellenergy_9.2.0.1.lib : sf_memory_allocation.o (.text:sf_memory_alloc)
                  0000b1ac    000000a8     scif_framework.obj (.text:scifCtrlTasksNbl)
                  0000b254    000000a4     rf_multiMode_cc13x2.a : RFCC26X2_multiMode.c.cc13x2.ccs.o (.text:RF_ratRestartChannels)
                  0000b2f8    000000a4     scif_framework.obj (.text:scifResetTaskStructs)
                  0000b39c    000000a2     mtyeA_p070_schnellenergy_9.2.0.1.lib : stdec_symbol_processing.o (.text:STDEC_RemoveSyncAndDeinterleaveExtnblock)
                  0000b43e    00000002                                          : miotyEpOptionalFunctions.o (.text:miotyEpCallbackDl_extensionBlockProcessed)
                  0000b440    000000a0     rf_multiMode_cc13x2.a : RFCC26X2_multiMode.c.cc13x2.ccs.o (.text:RF_cmdDispatchTime)
                  0000b4e0    000000a0     auto_init.aem4f : auto_init.oem4f (.text)
                  0000b580    000000a0     sf_stack_hal_mioty_rf.obj (.text:loc_shiftFrequency)
                  0000b620    0000009c     sf_stack_hal_mioty_rf.obj (.text:loc_getRadioMemInfo)
                  0000b6bc    0000009c     mtyeA_p070_schnellenergy_9.2.0.1.lib : miotyEpUl.o (.text:miotyEpUl_setMode)
                  0000b758    0000009c     rtsv7M4_T_le_v4SPD16_eabi.lib : memcpy_t2.asm.obj (.text)
                  0000b7f4    00000098     rf_multiMode_cc13x2.a : RFCC26X2_multiMode.c.cc13x2.ccs.o (.text:RF_calculateDispatchTime)
                  0000b88c    00000096     drivers_cc13x2.a : I2CCC26XX.oem4f (.text:I2CSupport_primeTransfer)
                  0000b922    00000096     rtsv7M4_T_le_v4SPD16_eabi.lib : ull_div_t2.asm.obj (.text)
                  0000b9b8    00000094     exampleMain.obj (.text:exampleMain)
                  0000ba4c    00000094     mtyeA_p070_schnellenergy_9.2.0.1.lib : miotyUlPhy.o (.text:interleaveOnes)
                  0000bae0    00000092     drivers_cc13x2.a : UARTCC26XX.oem4f (.text:UARTCC26XX_writeCancel)
                  0000bb72    00000002     mtyeA_p070_schnellenergy_9.2.0.1.lib : miotyEpOptionalFunctions.o (.text:miotyEpCallbackDl_rxActiveStatusUpdate)
                  0000bb74    00000090     rf_multiMode_cc13x2.a : RFCC26X2_multiMode.c.cc13x2.ccs.o (.text:RF_discardPendCmd)
                  0000bc04    00000090     scif_framework.obj (.text:osalWaitOnCtrlReady)
                  0000bc94    00000090     sf_stack_hal_mioty_rf.obj (.text:sf_stack_hal_mioty_rf_configTx)
                  0000bd24    0000008c     mtyeA_p070_schnellenergy_9.2.0.1.lib : sf_sal_mioty.o (.text:loc_llEvtCallback)
                  0000bdb0    0000008c                                          : mioty_ep_core_mac_crypto.o (.text:mioty_ep_mac_cmac_create_subkeys)
                  0000be3c    0000008c                                          : mioty_ep_core_mac.o (.text:mioty_ep_mac_init)
                  0000bec8    0000008c                                          : sf_mioty_ep_ll.o (.text:sf_mioty_ep_ll_initTx)
                  0000bf54    00000088     driverlib.lib : osc.obj (.text:NOROM_OSCHF_AttemptToSwitchToXosc)
                  0000bfdc    00000088     drivers_cc13x2.a : PowerCC26X2_calibrateRCOSC.oem4f (.text:calibrateRcoscHf2)
                  0000c064    00000088                      : PowerCC26X2.oem4f (.text:disableLFClockQualifiers)
                  0000c0ec    00000088                      : PowerCC26X2_calibrateRCOSC.oem4f (.text:updateSubSecInc)
                  0000c174    00000086     mtyeA_p070_schnellenergy_9.2.0.1.lib : stdec_symbol_processing.o (.text:RevertFreqOffsetFxp)
                  0000c1fa    00000086     rtsv7M4_T_le_v4SPD16_eabi.lib : fd_cmp_t2.asm.obj (.text:__aeabi_cdcmple)
                  0000c280    00000086                                   : fd_cmp_t2.asm.obj (.text:__aeabi_cdrcmple)
                  0000c306    00000002     mtyeA_p070_schnellenergy_9.2.0.1.lib : miotyEpOptionalFunctions.o (.text:miotyEpCallbackDl_ulAcknowledge)
                  0000c308    00000084     drivers_cc13x2.a : NVSSPI25X.oem4f (.text:NVSSPI25X_close)
                  0000c38c    00000084     rf_multiMode_cc13x2.a : RFCC26X2_multiMode.c.cc13x2.ccs.o (.text:RF_issueRadioFreeCb)
                  0000c410    00000084                           : RFCC26X2_multiMode.c.cc13x2.ccs.o (.text:RF_verifyGap)
                  0000c494    00000084     drivers_cc13x2.a : UARTCC26XX.oem4f (.text:UARTCC26XX_close)
                  0000c518    00000084                      : SPICC26X2DMA.oem4f (.text:initIO)
                  0000c59c    00000084     rom_sysbios.aem4f : rom_sysbios.obj (.text:ti_sysbios_family_arm_m3_Hwi_excHandlerMin__I)
                  0000c620    00000084     drivers_cc13x2.a : UARTCC26XX.oem4f (.text:writeTxFifoFlush)
                  0000c6a4    00000080     driverlib.lib : chipinfo.obj (.text:NOROM_ChipInfo_GetChipType)
                  0000c724    00000080                   : sys_ctrl.obj (.text:NOROM_SysCtrlSetRechargeBeforePowerDown)
                  0000c7a4    00000080     rom_sysbios.aem4f : rom_sysbios.obj (.text:ti_sysbios_family_arm_cc26xx_Timer_start__E)
                  0000c824    0000007c     mtyeA_p070_schnellenergy_9.2.0.1.lib : etsidl_decoder.o (.text:EtsiDlDecoder_InitForCoreblock)
                  0000c8a0    0000007c     rf_multiMode_cc13x2.a : RFCC26X2_multiMode.c.cc13x2.ccs.o (.text:RF_ratFreeChannel)
                  0000c91c    0000007c     drivers_cc13x2.a : NVSSPI25X.oem4f (.text:doRead)
                  0000c998    0000007c     mtyeA_p070_schnellenergy_9.2.0.1.lib : sf_sal_mioty.o (.text:sf_sal_mioty_get)
                  0000ca14    0000007c                                          : sf_sal_mioty.o (.text:sf_sal_mioty_memWrite)
                  0000ca90    0000007c     sf_stack_hal_mioty_rf.obj (.text:sf_stack_hal_mioty_rf_initRx)
                  0000cb0c    0000007a     rtsv7M4_T_le_v4SPD16_eabi.lib : memset_t2.asm.obj (.text)
                  0000cb86    00000078     drivers_cc13x2.a : NVSSPI25X.oem4f (.text:doWriteVerify)
                  0000cbfe    00000002     mtyeA_p070_schnellenergy_9.2.0.1.lib : miotyEpOptionalFunctions.o (.text:miotyEpCallbackMac_packetCounterUpdate)
                  0000cc00    00000078                                          : sf_mioty_ep_ll.o (.text:sf_mioty_ep_ll_transmit)
                  0000cc78    00000076     rom_sysbios.aem4f : rom_sysbios.obj (.text:ti_sysbios_heaps_HeapMem_allocUnprotected__E)
                  0000ccee    00000002     mtyeA_p070_schnellenergy_9.2.0.1.lib : miotyEpOptionalFunctions.o (.text:miotyEpCallbackMac_stateChanged)
                  0000ccf0    00000074     drivers_cc13x2.a : PowerCC26X2_calibrateRCOSC.oem4f (.text:PowerCC26X2_auxISR)
                  0000cd64    00000074     sf_stack_hal_aes.obj (.text:loc_aes)
                  0000cdd8    00000074     mtyeA_p070_schnellenergy_9.2.0.1.lib : miotyEpUl.o (.text:miotyEpUl_setProfile)
                  0000ce4c    00000072     rf_multiMode_cc13x2.a : RFCC26X2_multiMode.c.cc13x2.ccs.o (.text:RF_detachOverrides)
                  0000cebe    00000002     mtyeA_p070_schnellenergy_9.2.0.1.lib : miotyEpOptionalFunctions.o (.text:miotyEpCallbackUl_txActiveStatusUpdate)
                  0000cec0    00000070     drivers_cc13x2.a : ADCCC26XX.oem4f (.text:ADCCC26XX_convertToMicroVolts)
                  0000cf30    00000070     rf_multiMode_cc13x2.a : rfc.c.cc13x2.ccs.o (.text:NOROM_RFCAnaDivTxOverride)
                  0000cfa0    00000070                           : RFCC26X2_multiMode.c.cc13x2.ccs.o (.text:RF_getCurrentTime)
                  0000d010    0000006e                           : RFCC26X2_multiMode.c.cc13x2.ccs.o (.text:RF_attachOverrides)
                  0000d07e    0000006e                           : RFCC26X2_multiMode.c.cc13x2.ccs.o (.text:RF_howToSchedule)
                  0000d0ec    0000006e     rtsv7M4_T_le_v4SPD16_eabi.lib : ll_div_t2.asm.obj (.text)
                  0000d15a    00000002     mtyeA_p070_schnellenergy_9.2.0.1.lib : miotyEp.o (.text:miotyEp_txFinish)
                  0000d15c    0000006d     rom_sysbios.aem4f : rom_sysbios.obj (.text:xdc_runtime_System_formatNum__I)
                  0000d1c9    00000001     --HOLE-- [fill = 0]
                  0000d1ca    00000002     rtsv7M4_T_le_v4SPD16_eabi.lib : div0.asm.obj (.text)
                  0000d1cc    0000006c     drivers_cc13x2.a : AESECBCC26XX.oem4f (.text:AESECB_construct)
                  0000d238    0000006c                      : AESECBCC26XX.oem4f (.text:AESECB_hwiFxn)
                  0000d2a4    0000006c                      : GPIOCC26XX.oem4f (.text:GPIO_setConfig)
                  0000d310    0000006c     rf_multiMode_cc13x2.a : RFCC26X2_multiMode.c.cc13x2.ccs.o (.text:RF_dispatchNextEvent)
                  0000d37c    0000006c     TMP1075.obj (.text:TMP1075_read)
                  0000d3e8    0000006c     drivers_cc13x2.a : UARTCC26XX.oem4f (.text:UARTCC26XX_initIO)
                  0000d454    0000006c                      : SPICC26X2DMA.oem4f (.text:csnCallback)
                  0000d4c0    0000006c     exampleMain.obj (.text:loc_handleStackStates)
                  0000d52c    0000006c     mtyeA_p070_schnellenergy_9.2.0.1.lib : sf_sal_mioty.o (.text:loc_initMiotyStack)
                  0000d598    0000006c     sf_stack_hal_mioty_timer.obj (.text:loc_setupRtcCompareChannel)
                  0000d604    00000068     drivers_cc13x2.a : AESECBCC26XX.oem4f (.text:AESECB_waitForResult)
                  0000d66c    00000068     driverlib.lib : osc.obj (.text:NOROM_OSCHF_SwitchToRcOscTurnOffXosc)
                  0000d6d4    00000068     rf_multiMode_cc13x2.a : RFCC26X2_multiMode.c.cc13x2.ccs.o (.text:RF_hwiHw)
                  0000d73c    00000068     rtsv7M4_T_le_v4SPD16_eabi.lib : copy_decompress_lzss.c.obj (.text:decompress:lzss:__TI_decompress_lzss)
                  0000d7a4    00000068     scif_framework.obj (.text:scifSetSceOpmode)
                  0000d80c    00000064     drivers_cc13x2.a : UARTCC26XX.oem4f (.text:UARTCC26XX_control)
                  0000d870    00000064     RtosMain.obj (.text:main)
                  0000d8d4    00000064     mtyeA_p070_schnellenergy_9.2.0.1.lib : miotyEpMac.o (.text:miotyEpMac_attachLocal)
                  0000d938    00000062     rf_multiMode_cc13x2.a : RFCC26X2_multiMode.c.cc13x2.ccs.o (.text:RF_syncCb)
                  0000d99a    00000062     drivers_cc13x2.a : UARTCC26XX.oem4f (.text:UARTCC26XX_swiIntFxn)
                  0000d9fc    00000062     sf_memory_management.obj (.text:sf_memory_management_readNvm)
                  0000da5e    00000002     sf_app_hal_mem.obj (.text:sf_app_hal_mem_init)
                  0000da60    00000060     drivers_cc13x2.a : ADCCC26XX.oem4f (.text:ADCCC26XX_open)
                  0000dac0    00000060                      : CryptoResourceCC26XX.oem4f (.text:CryptoResourceCC26XX_constructRTOSObjects)
                  0000db20    00000060                      : I2CCC26XX.oem4f (.text:I2CCC26XX_initHw)
                  0000db80    00000060     rf_multiMode_cc13x2.a : RFCC26X2_multiMode.c.cc13x2.ccs.o (.text:RF_applyRfCorePatch)
                  0000dbe0    00000060     mtyeA_p070_schnellenergy_9.2.0.1.lib : sf_sal_mioty.o (.text:loc_getPointerToStorageContent)
                  0000dc40    00000060                                          : sf_mioty_ep_ll.o (.text:loc_prepareRx)
                  0000dca0    00000060                                          : miotyPhyProfiles.o (.text:miotyPhyProfiles_nSymbolsDuration_ps)
                  0000dd00    0000005c     exampleMain.obj (.text:Board_sendExtFlashByte1)
                  0000dd5c    0000005c     ti_drivers_config.obj (.text:Board_sendExtFlashByte)
                  0000ddb8    0000005c     rf_multiMode_cc13x2.a : RFCC26X2_multiMode.c.cc13x2.ccs.o (.text:RF_hwiCpe0PowerFsm)
                  0000de14    0000005c     drivers_cc13x2.a : SPICC26X2DMA.oem4f (.text:initHw)
                  0000de70    0000005c     sf_stack_hal_mioty_timer.obj (.text:loc_lfTimer_delayTill)
                  0000decc    0000005c     mtyeA_p070_schnellenergy_9.2.0.1.lib : miotyEpDl.o (.text:miotyEpDl_transceive)
                  0000df28    0000005c                                          : sf_stack_hal_mioty_radio.o (.text:sf_mioty_hal_setTxPower)
                  0000df84    0000005c     sf_stack_hal_serial.obj (.text:sf_stack_hal_serial_taskInit)
                  0000dfe0    0000005c     drivers_cc13x2.a : UARTCC26XX.oem4f (.text:startTxFifoEmptyClk)
                  0000e03c    0000005c     rom_sysbios.aem4f : rom_sysbios.obj (.text:ti_sysbios_family_arm_cc26xx_Timer_dynamicMultiStub__E)
                  0000e098    0000005c                       : rom_sysbios.obj (.text:ti_sysbios_heaps_HeapMem_initPrimary__I)
                  0000e0f4    0000005c     release_pem4f.oem4f (.text:xdc_runtime_Startup_getState__I)
                  0000e150    0000005a     mtyeA_p070_schnellenergy_9.2.0.1.lib : sf_sal_mioty.o (.text:sf_sal_mioty_set)
                  0000e1aa    00000002     sf_app_hal_system.obj (.text:sf_app_hal_system_errorHandler)
                  0000e1ac    00000058     boot.aem4f : boot.oem4f (.text)
                  0000e204    00000058     drivers_cc13x2.a : NVSSPI25X.oem4f (.text:extFlashWaitReady)
                  0000e25c    00000058     mtyeA_p070_schnellenergy_9.2.0.1.lib : sf_sal_mioty.o (.text:loc_setNetworkKey)
                  0000e2b4    00000058                                          : miotyEpMac.o (.text:miotyEpMac_setEui64)
                  0000e30c    00000058                                          : miotyEpMac.o (.text:miotyEpMac_setNetworkKey)
                  0000e364    00000058     rom_sysbios.aem4f : rom_sysbios.obj (.text:ti_sysbios_heaps_HeapMem_alloc__E)
                  0000e3bc    00000056     rf_multiMode_cc13x2.a : RFCC26X2_multiMode.c.cc13x2.ccs.o (.text:RF_defaultSubmitPolicy)
                  0000e412    00000002     sf_stack_hal_mioty_timer.obj (.text:sf_stack_hal_mioty_timer_deInit)
                  0000e414    00000054     ti_drivers_config.obj (.text:Board_shutDownExtFlash)
                  0000e468    00000054     drivers_cc13x2.a : I2CCC26XX.oem4f (.text:I2CCC26XX_initIO)
                  0000e4bc    00000054     driverlib.lib : prcm.obj (.text:NOROM_PRCMPowerDomainsAllOff)
                  0000e510    00000054     rf_multiMode_cc13x2.a : RFCC26X2_multiMode.c.cc13x2.ccs.o (.text:RF_fsmXOSCState)
                  0000e564    00000054     dpl_cc13x2.a : SwiP_tirtos.oem4f (.text:SwiP_construct)
                  0000e5b8    00000054     mtyeA_p070_schnellenergy_9.2.0.1.lib : miotyEpDl.o (.text:miotyEpDl_init)
                  0000e60c    00000054                                          : miotyEpInternal.o (.text:miotyEpInternal_getPersistentMacAttachInfo)
                  0000e660    00000054                                          : miotyEpMac.o (.text:miotyEpMac_setShortAddress)
                  0000e6b4    00000054     rf_multiMode_cc13x2.a : rf_patch_mce_iqdump.c.cc13x2.ccs.o (.text:rf_patch_mce_iqdump)
                  0000e708    00000052     drivers_cc13x2.a : SPICC26X2DMA.oem4f (.text:SPICC26X2DMA_close)
                  0000e75a    00000002     release_pem4f.oem4f (.text:ti_sysbios_BIOS_nullFunc__I)
                  0000e75c    00000050     drivers_cc13x2.a : GPIOCC26XX.oem4f (.text:GPIO_hwiIntFxn)
                  0000e7ac    00000050                      : NVSSPI25X.oem4f (.text:extFlashSpiWrite)
                  0000e7fc    00000050     mtyeA_p070_schnellenergy_9.2.0.1.lib : sf_sal_mioty.o (.text:loc_setShortAddress)
                  0000e84c    00000050                                          : miotyEpMac.o (.text:miotyEpMac_detachLocal)
                  0000e89c    00000050                                          : sf_mioty_ep_ll.o (.text:sf_mioty_ep_ll_receive)
                  0000e8ec    0000004e                                          : mioty_ep_core_mac.o (.text:mioty_ep_mac_local_attach)
                  0000e93a    00000002     rom_sysbios.aem4f : rom_sysbios.obj (.text:xdc_runtime_SysCallback_defaultAbort)
                  0000e93c    0000004c     driverlib.lib : prcm.obj (.text:NOROM_PRCMPowerDomainsAllOn)
                  0000e988    0000004c     rf_multiMode_cc13x2.a : RFCC26X2_multiMode.c.cc13x2.ccs.o (.text:RF_wakeupNotification)
                  0000e9d4    0000004c     drivers_cc13x2.a : UARTCC26XX.oem4f (.text:UARTCC26XX_readCancel)
                  0000ea20    0000004c                      : UDMACC26XX.oem4f (.text:UDMACC26XX_open)
                  0000ea6c    0000004c     rtsv7M4_T_le_v4SPD16_eabi.lib : cpy_tbl.c.obj (.text:copy_in)
                  0000eab8    0000004c     exampleMain.obj (.text:loc_callback)
                  0000eb04    0000004c     mtyeA_p070_schnellenergy_9.2.0.1.lib : sf_mioty_hal_wrapper.o (.text:loc_getSubPacket)
                  0000eb50    0000004c                                          : miotyEpInternal.o (.text:miotyEpInternal_setPersistentMacAttachInfo)
                  0000eb9c    0000004c                                          : miotyEpUl.o (.text:miotyEpUl_transmit)
                  0000ebe8    0000004a                                          : data_whitening_pn9.o (.text:data_whitening_pn9)
                  0000ec32    00000002     rom_sysbios.aem4f : rom_sysbios.obj (.text:xdc_runtime_SysCallback_defaultExit)
                  0000ec34    00000048     mtyeA_p070_schnellenergy_9.2.0.1.lib : miotyAsyncDlPhy.o (.text:FillDecoderInfo)
                  0000ec7c    00000048     driverlib.lib : aes.obj (.text:NOROM_AESStartDMAOperation)
                  0000ecc4    00000048     rf_multiMode_cc13x2.a : rfc.c.cc13x2.ccs.o (.text:NOROM_RFCSynthPowerDown)
                  0000ed0c    00000048     drivers_cc13x2.a : NVSSPI25X.oem4f (.text:NVSSPI25X_read)
                  0000ed54    00000048                      : NVS.oem4f (.text:NVS_open)
                  0000ed9c    00000048                      : PowerCC26X2_calibrateRCOSC.oem4f (.text:PowerCC26X2_RCOSC_clockFunc)
                  0000ede4    00000048                      : PowerCC26X2.oem4f (.text:PowerCC26XX_switchXOSC_HF)
                  0000ee2c    00000048     mtyeA_p070_schnellenergy_9.2.0.1.lib : crc2.o (.text:crc2_calculate)
                  0000ee74    00000048     drivers_cc13x2.a : NVSSPI25X.oem4f (.text:extFlashMassErase)
                  0000eebc    00000048     sf_app_hal_lp.obj (.text:sf_app_hal_lp_init)
                  0000ef04    00000048     sf_app_hal_mem.obj (.text:sf_app_hal_mem_isValid)
                  0000ef4c    00000048     sf_stack_hal_mioty_rf.obj (.text:sf_stack_hal_mioty_rf_configTxData)
                  0000ef94    00000048     sf_stack_hal_mioty_rf.obj (.text:sf_stack_hal_mioty_rf_tx)
                  0000efdc    00000048     sf_stack_hal_mioty_timer.obj (.text:sf_stack_hal_mioty_timer_init)
                  0000f024    00000048     drivers_cc13x2.a : PowerCC26X2.oem4f (.text:switchXOSCHF)
                  0000f06c    00000048                      : UARTCC26XX.oem4f (.text:writeFinishedDoCallback)
                  0000f0b4    00000046                      : RingBuf.oem4f (.text:RingBuf_put)
                  0000f0fa    00000046     mtyeA_p070_schnellenergy_9.2.0.1.lib : stdec_symbol_processing.o (.text:STDEC_NormalizePreamb)
                  0000f140    00000044     drivers_cc13x2.a : ADC.oem4f (.text:ADC_init)
                  0000f184    00000044     driverlib.lib : chipinfo.obj (.text:NOROM_ChipInfo_GetHwRevision)
                  0000f1c8    00000044     drivers_cc13x2.a : SPI.oem4f (.text:SPI_init)
                  0000f20c    00000044     mtyeA_p070_schnellenergy_9.2.0.1.lib : stdec_symbol_processing.o (.text:STDEC_DeinterleaveCoreblock)
                  0000f250    00000044                                          : stdec_symbol_processing.o (.text:STDEC_FreqAndPhaseEstFromPreamb)
                  0000f294    00000044                                          : stdec_fixmath.o (.text:STDEC_sin)
                  0000f2d8    00000044     drivers_cc13x2.a : UART.oem4f (.text:UART_init)
                  0000f31c    00000044     mtyeA_p070_schnellenergy_9.2.0.1.lib : crc8.o (.text:crc8_calculate)
                  0000f360    00000044                                          : sf_sal_mioty.o (.text:loc_initMiotyEndpoint)
                  0000f3a4    00000044                                          : miotyEpInternal.o (.text:miotyEpInternal_savePersistentUlSettings)
                  0000f3e8    00000044     rtsv7M4_T_le_v4SPD16_eabi.lib : fd_tou_t2.asm.obj (.text)
                  0000f42c    00000044     sf_drv_clock.obj (.text:sf_drv_clock_start)
                  0000f470    00000044     mtyeA_p070_schnellenergy_9.2.0.1.lib : sf_memory_allocation.o (.text:sf_memory_initialize)
                  0000f4b4    00000044     TMP1075.obj (.text:writeReg)
                  0000f4f8    00000042     drivers_cc13x2.a : SPICC26X2DMA.oem4f (.text:SPICC26X2DMA_swiFxn)
                  0000f53a    00000040     dpl_cc13x2.a : ClockP_tirtos.oem4f (.text:ClockP_construct)
                  0000f57a    00000002     rom_sysbios.aem4f : rom_sysbios.obj (.text:xdc_runtime_SysCallback_defaultFlush)
                  0000f57c    00000040     driverlib.lib : osc.obj (.text:NOROM_OSC_HPOSCRelativeFrequencyOffsetGet)
                  0000f5bc    00000040     drivers_cc13x2.a : PowerCC26X2.oem4f (.text:PowerCC26XX_isStableXOSC_HF)
                  0000f5fc    00000040     rf_multiMode_cc13x2.a : RFCC26X2_multiMode.c.cc13x2.ccs.o (.text:RF_updatePowerupDuration)
                  0000f63c    00000040     drivers_cc13x2.a : RingBuf.oem4f (.text:RingBuf_get)
                  0000f67c    00000040                      : SPI.oem4f (.text:SPI_open)
                  0000f6bc    00000040     mtyeA_p070_schnellenergy_9.2.0.1.lib : stdec_fixmath.o (.text:STDEC_cos)
                  0000f6fc    00000040                                          : sf_mioty_hal_wrapper.o (.text:loc_convertRxSample)
                  0000f73c    00000040                                          : sf_sal_mioty.o (.text:loc_updateNvmCrc)
                  0000f77c    00000040                                          : mioty_ep_core_mac_crypto.o (.text:mioty_ep_mac_crypt_create_session_key)
                  0000f7bc    00000040     rtsv7M4_T_le_v4SPD16_eabi.lib : u_divt2.asm.obj (.text)
                  0000f7fc    00000040     mtyeA_p070_schnellenergy_9.2.0.1.lib : sf_stack_hal_mioty_radio.o (.text:sf_mioty_hal_prepareTx)
                  0000f83c    00000040     rom_sysbios.aem4f : rom_sysbios.obj (.text:ti_sysbios_family_arm_cc26xx_Timer_setThreshold__I)
                  0000f87c    0000003e     drivers_cc13x2.a : AESECBCC26XX.oem4f (.text:AESECB_startOperation)
                  0000f8ba    0000003e     dpl_cc13x2.a : HwiP_tirtos.oem4f (.text:HwiP_construct)
                  0000f8f8    0000003e     mtyeA_p070_schnellenergy_9.2.0.1.lib : sf_mioty_ep_ll.o (.text:loc_createData)
                  0000f936    0000003e                                          : mioty_ep_core_mac.o (.text:mioty_ep_mac_set_ipv6SubnetMask)
                  0000f974    0000003c     drivers_cc13x2.a : ADCCC26XX.oem4f (.text:ADCCC26XX_close)
                  0000f9b0    0000003c     exampleMain.obj (.text:Board_shutDownExtFlash1)
                  0000f9ec    0000003c     driverlib.lib : osc.obj (.text:InternCapArrayAdjustWithBaseline7001F)
                  0000fa28    0000003c     rf_multiMode_cc13x2.a : RFCC26X2_multiMode.c.cc13x2.ccs.o (.text:RF_cmdGet)
                  0000fa64    0000003c                           : RFCC26X2_multiMode.c.cc13x2.ccs.o (.text:RF_cmdStoreEvents)
                  0000faa0    0000003c     drivers_cc13x2.a : UARTCC26XX.oem4f (.text:UARTCC26XX_finalizeIO)
                  0000fadc    0000003c     flash_interface_ext_rtos_NVS.obj (.text:flash_open)
                  0000fb18    0000003c     sf_stack_hal_mioty_timer.obj (.text:loc_calibrateLf)
                  0000fb54    0000003c     mtyeA_p070_schnellenergy_9.2.0.1.lib : sf_mioty_ep_ll.o (.text:loc_symbolMapping)
                  0000fb90    0000003c                                          : sf_palm.o (.text:sf_palm_decrypt)
                  0000fbcc    0000003c     sf_stack_hal_mioty_rf.obj (.text:sf_stack_hal_mioty_rf_deInit)
                  0000fc08    0000003c     rom_sysbios.aem4f : rom_sysbios.obj (.text:sleep)
                  0000fc44    0000003c                       : rom_sysbios.obj (.text:ti_sysbios_family_arm_m3_Hwi_construct2__E)
                  0000fc80    0000003a     drivers_cc13x2.a : NVSSPI25X.oem4f (.text:checkEraseRange)
                  0000fcba    00000002     rom_sysbios.aem4f : rom_sysbios.obj (.text:xdc_runtime_SysCallback_defaultPutch)
                  0000fcbc    00000038     rf_multiMode_cc13x2.a : RFCC26X2_multiMode.c.cc13x2.ccs.o (.text:RF_checkCmdFsError)
                  0000fcf4    00000038     drivers_cc13x2.a : SPICC26X2DMA.oem4f (.text:finalizeIO)
                  0000fd2c    00000038     mtyeA_p070_schnellenergy_9.2.0.1.lib : sf_stack.o (.text:loc_getSalCtx)
                  0000fd64    00000038     sf_stack_hal_serial.obj (.text:loc_uartRead)
                  0000fd9c    00000038     mtyeA_p070_schnellenergy_9.2.0.1.lib : sf_sal_mioty.o (.text:miotyEpHalPersistentData_get)
                  0000fdd4    00000038                                          : sf_sal_mioty.o (.text:miotyEp_noneBlockingRxFinished)
                  0000fe0c    00000038     drivers_cc13x2.a : PowerCC26X2.oem4f (.text:notify)
                  0000fe44    00000038                      : UARTCC26XX.oem4f (.text:readData)
                  0000fe7c    00000038     rtsv7M4_T_le_v4SPD16_eabi.lib : fs_tod_t2.asm.obj (.text)
                  0000feb4    00000038     scif_framework.obj (.text:scifOsalInit)
                  0000feec    00000038     scif_framework.obj (.text:scifSetMcuwusel)
                  0000ff24    00000038     sf_drv_cc13x2_lfxoCalib.obj (.text:sf_drv_lfxoCalib_getLfTimeMeasurementResult)
                  0000ff5c    00000038     mtyeA_p070_schnellenergy_9.2.0.1.lib : sf_stack.o (.text:sf_stack_init)
                  0000ff94    00000038                                          : sf_stack.o (.text:sf_stack_receive)
                  0000ffcc    00000038     drivers_cc13x2.a : UARTCC26XX.oem4f (.text:writeData)
                  00010004    00000036     mtyeA_p070_schnellenergy_9.2.0.1.lib : stdec_crc.o (.text:STDEC_Crc4)
                  0001003a    00000036                                          : stdec_fixmath.o (.text:STDEC_sqrt)
                  00010070    00000036     drivers_cc13x2.a : UDMACC26XX.oem4f (.text:UDMACC26XX_close)
                  000100a6    00000002     --HOLE-- [fill = 0]
                  000100a8    00000034                      : AESECBCC26XX.oem4f (.text:AESECB_cleanup)
                  000100dc    00000034     driverlib.lib : aux_sysif.obj (.text:NOROM_AUXSYSIFOpModeChange)
                  00010110    00000034                   : sys_ctrl.obj (.text:NOROM_SysCtrlIdle)
                  00010144    00000034     drivers_cc13x2.a : NVSSPI25X.oem4f (.text:NVSSPI25X_init)
                  00010178    00000034     rf_multiMode_cc13x2.a : RFCC26X2_multiMode.c.cc13x2.ccs.o (.text:RF_powerConstraintRelease)
                  000101ac    00000034                           : RFCC26X2_multiMode.c.cc13x2.ccs.o (.text:RF_runDirectImmediateCmd)
                  000101e0    00000034     mtyeA_p070_schnellenergy_9.2.0.1.lib : stdec_crc.o (.text:STDEC_Crc8)
                  00010214    00000034     ti_drivers_config.obj (.text:configureCallbacks)
                  00010248    00000034     drivers_cc13x2.a : NVSSPI25X.oem4f (.text:extFlashPowerStandby)
                  0001027c    00000034                      : NVSSPI25X.oem4f (.text:extFlashWriteEnable)
                  000102b0    00000034     exampleMain.obj (.text:initI2C)
                  000102e4    00000034     mtyeA_p070_schnellenergy_9.2.0.1.lib : miotyEpInternal.o (.text:miotyEpInternal_getPersistentUlSettings)
                  00010318    00000034     scif_framework.obj (.text:osalRegisterCtrlReadyInt)
                  0001034c    00000034     scif_framework.obj (.text:osalRegisterTaskAlertInt)
                  00010380    00000034     drivers_cc13x2.a : UARTCC26XX.oem4f (.text:readData2RingBuf)
                  000103b4    00000034     sf_app_hal_timer.obj (.text:sf_app_hal_timer_start)
                  000103e8    00000034     mtyeA_p070_schnellenergy_9.2.0.1.lib : sf_stack_hal_mioty_radio.o (.text:sf_mioty_hal_initRx)
                  0001041c    00000034                                          : sf_sal_mioty.o (.text:sf_sal_mioty_sendParams)
                  00010450    00000034     rom_sysbios.aem4f : rom_sysbios.obj (.text:usleep)
                  00010484    00000032                       : rom_sysbios.obj (.text:ti_sysbios_family_arm_cc26xx_Timer_setNextTick__E)
                  000104b6    00000002     --HOLE-- [fill = 0]
                  000104b8    00000030     exampleMain.obj (.text:Board_wakeUpExtFlash1)
                  000104e8    00000030     ti_drivers_config.obj (.text:Board_wakeUpExtFlash)
                  00010518    00000030     mtyeA_p070_schnellenergy_9.2.0.1.lib : stdec_signal_EsN0_estm.o (.text:FirFilter)
                  00010548    00000030     sf_stack_hal_mioty_timer.obj (.text:HfTimerIsr)
                  00010578    00000030     drivers_cc13x2.a : NVSSPI25X.oem4f (.text:NVSSPI25X_erase)
                  000105a8    00000030                      : PowerCC26X2.oem4f (.text:Power_releaseConstraint)
                  000105d8    00000030                      : PowerCC26X2.oem4f (.text:Power_setConstraint)
                  00010608    00000030     driverlib.lib : osc.obj (.text:SpecialCapArrayWorkaroundEnabledAndNeeded)
                  00010638    00000030     exampleMain.obj (.text:loc_getNextStack)
                  00010668    00000030     exampleMain.obj (.text:loc_handleTransmission)
                  00010698    00000030     mtyeA_p070_schnellenergy_9.2.0.1.lib : sf_sal_mioty.o (.text:miotyEpHalPersistentData_set)
                  000106c8    00000030                                          : miotyEpRadioJob.o (.text:miotyEpRadioJob_getPending)
                  000106f8    00000030                                          : sf_sal_mioty.o (.text:sf_sal_mioty_isBusy)
                  00010728    00000030                                          : sf_stack.o (.text:sf_stack_nb_process)
                  00010758    00000030     release_pem4f.oem4f (.text:ti_sysbios_BIOS_atExitFunc__I)
                  00010788    00000030     release_pem4f.oem4f (.text:ti_sysbios_BIOS_startFunc__I)
                  000107b8    00000030     rom_sysbios.aem4f : rom_sysbios.obj (.text:ti_sysbios_family_arm_cc26xx_Timer_getCurrentTick__E)
                  000107e8    00000030                       : rom_sysbios.obj (.text:ti_sysbios_family_arm_cc26xx_Timer_initDevice__I)
                  00010818    00000030                       : rom_sysbios.obj (.text:ti_sysbios_knl_Clock_getTimeout__E)
                  00010848    00000030     exampleMain.obj (.text:uart_init)
                  00010878    0000002e     rf_multiMode_cc13x2.a : RFCC26X2_multiMode.c.cc13x2.ccs.o (.text:RF_queueEnd)
                  000108a6    00000002     --HOLE-- [fill = 0]
                  000108a8    0000002c     drivers_cc13x2.a : GPIO.oem4f (.text:GPIO_resetConfig)
                  000108d4    0000002c                      : GPIOCC26XX.oem4f (.text:GPIO_setInterruptConfig)
                  00010900    0000002c                      : NVSSPI25X.oem4f (.text:NVSSPI25X_control)
                  0001092c    0000002c                      : NVS.oem4f (.text:NVS_init)
                  00010958    0000002c     rf_multiMode_cc13x2.a : RFCC26X2_multiMode.c.cc13x2.ccs.o (.text:RF_executeDirectImmediateCmd)
                  00010984    0000002c     dpl_cc13x2.a : SemaphoreP_tirtos.oem4f (.text:SemaphoreP_constructBinary)
                  000109b0    0000002c                  : SemaphoreP_tirtos.oem4f (.text:SemaphoreP_createBinary)
                  000109dc    0000002c     rom_sysbios.aem4f : rom_sysbios.obj (.text:_pthread_delete$45)
                  00010a08    0000002c     drivers_cc13x2.a : NVSSPI25X.oem4f (.text:extFlashPowerDown)
                  00010a34    0000002c                      : NVSSPI25X.oem4f (.text:extFlashSpiRead)
                  00010a60    0000002c     mtyeA_p070_schnellenergy_9.2.0.1.lib : sf_sal_mioty.o (.text:loc_callRxIndication)
                  00010a8c    0000002c     sf_app_hal_lp.obj (.text:sf_app_hal_lp_enterSleep)
                  00010ab8    0000002c     mtyeA_p070_schnellenergy_9.2.0.1.lib : sf_crc.o (.text:sf_crc_calc)
                  00010ae4    0000002c                                          : sf_mioty_ep_ll.o (.text:sf_mioty_ep_ll_setConfig)
                  00010b10    0000002c                                          : sf_stack_hal_mioty_radio.o (.text:sf_mioty_hal_prepareRx)
                  00010b3c    0000002c                                          : sf_sal_mioty.o (.text:sf_sal_mioty_process)
                  00010b68    0000002c     rom_sysbios.aem4f : rom_sysbios.obj (.text:ti_sysbios_knl_Clock_getTicksUntilInterrupt__E)
                  00010b94    0000002a     drivers_cc13x2.a : List.oem4f (.text:List_insert)
                  00010bbe    0000002a     rf_multiMode_cc13x2.a : RFCC26X2_multiMode.c.cc13x2.ccs.o (.text:RF_searchAndReplacePAOverride)
                  00010be8    00000028     drivers_cc13x2.a : GPIOCC26XX.oem4f (.text:GPIO_setMux)
                  00010c10    00000028     driverlib.lib : aes.obj (.text:NOROM_AESWaitForIRQFlags)
                  00010c38    00000028     rf_multiMode_cc13x2.a : rfc.c.cc13x2.ccs.o (.text:NOROM_RFCOverrideSearch)
                  00010c60    00000028     drivers_cc13x2.a : PowerCC26X2.oem4f (.text:Power_registerNotify)
                  00010c88    00000028     rf_multiMode_cc13x2.a : RFCC26X2_multiMode.c.cc13x2.ccs.o (.text:RF_calculateDeltaTimeUs)
                  00010cb0    00000028                           : RFCC26X2_multiMode.c.cc13x2.ccs.o (.text:RF_runCmd)
                  00010cd8    00000028     drivers_cc13x2.a : SPICC26X2DMA.oem4f (.text:flushFifos)
                  00010d00    00000028     mtyeA_p070_schnellenergy_9.2.0.1.lib : sf_mioty_hal_wrapper.o (.text:loc_getNextRxSlot)
                  00010d28    00000028                                          : sf_sal_mioty.o (.text:loc_setMode)
                  00010d50    00000028                                          : sf_sal_mioty.o (.text:loc_setProfile)
                  00010d78    00000028                                          : sf_mioty_ep_ll.o (.text:loc_timerCallback)
                  00010da0    00000028                                          : miotyEpInternal.o (.text:miotyEpInternal_getPersistentMacDlRequests)
                  00010dc8    00000028                                          : miotyEpMac.o (.text:miotyEpMac_getEui64)
                  00010df0    00000028     scif_framework.obj (.text:osalIndicateCtrlReady)
                  00010e18    00000028     drivers_cc13x2.a : PowerCC26X2.oem4f (.text:oscillatorISR)
                  00010e40    00000028     sf_drv_clock.obj (.text:sf_drv_clock_init)
                  00010e68    00000028     sf_drv_cc13x2_lfxoCalib.obj (.text:sf_drv_lfxoCalib_init)
                  00010e90    00000028     mtyeA_p070_schnellenergy_9.2.0.1.lib : sf_stack_hal_mioty_radio.o (.text:sf_mioty_hal_dlInit)
                  00010eb8    00000028                                          : sf_palm.o (.text:sf_palm_getAddr)
                  00010ee0    00000028                                          : sf_sal_mioty.o (.text:sf_sal_mioty_init)
                  00010f08    00000028                                          : sf_sal_mioty.o (.text:sf_sal_mioty_receive)
                  00010f30    00000026     drivers_cc13x2.a : I2C.oem4f (.text:I2C_cancel)
                  00010f56    00000026                      : List.oem4f (.text:List_put)
                  00010f7c    00000026                      : List.oem4f (.text:List_putHead)
                  00010fa2    00000026                      : List.oem4f (.text:List_remove)
                  00010fc8    00000026     mtyeA_p070_schnellenergy_9.2.0.1.lib : miotyUlPhy.o (.text:miotyUlPhy_getDownlinkHelperData)
                  00010fee    00000026                                          : mioty_ep_core_mac.o (.text:mioty_ep_mac_set_eui64)
                  00011014    00000024     driverlib.lib : osc.obj (.text:NOROM_OSCHF_TurnOnXosc)
                  00011038    00000024                   : osc.obj (.text:NOROM_OSC_CapArrayAdjustWorkaround_Boot)
                  0001105c    00000024     rf_multiMode_cc13x2.a : rfc.c.cc13x2.ccs.o (.text:NOROM_RFCDoorbellSendTo)
                  00011080    00000024                           : RFCC26X2_multiMode.c.cc13x2.ccs.o (.text:RF_cmdAlloc)
                  000110a4    00000024                           : RFCC26X2_multiMode.c.cc13x2.ccs.o (.text:RF_invokeGlobalCallback)
                  000110c8    00000024     rom_sysbios.aem4f : rom_sysbios.obj (.text:_pthread_cleanupFxn)
                  000110ec    00000024     mtyeA_p070_schnellenergy_9.2.0.1.lib : sf_stack_hal_mioty_radio.o (.text:loc_getOverrides)
                  00011110    00000024                                          : sf_sal_mioty.o (.text:loc_setAckRequested)
                  00011134    00000024     sf_app_hal_timer.obj (.text:loc_timerCallback)
                  00011158    00000024     rtsv7M4_T_le_v4SPD16_eabi.lib : memcmp.c.obj (.text:memcmp)
                  0001117c    00000024     mtyeA_p070_schnellenergy_9.2.0.1.lib : miotyEpMac.o (.text:miotyEpMac_setDownlinkRequest)
                  000111a0    00000024                                          : miotyPhyProfiles.o (.text:miotyPhyProfiles_getCarrierSpacing_mHz)
                  000111c4    00000024     scif_framework.obj (.text:osalLockCtrlTaskNbl)
                  000111e8    00000024     sf_drv_cc13x2_lfxoCalib.obj (.text:sf_drv_lfxoCalib_startLfTimeMeasurement)
                  0001120c    00000024     mtyeA_p070_schnellenergy_9.2.0.1.lib : sf_memory_allocation.o (.text:sf_memory_calloc)
                  00011230    00000024                                          : sf_sal_mioty.o (.text:sf_sal_mioty_hwInit)
                  00011254    00000024                                          : sf_stack.o (.text:sf_stack_pullConfig)
                  00011278    00000024     release_pem4f.oem4f (.text:ti_sysbios_BIOS_registerRTSLock__I)
                  0001129c    00000024     release_pem4f.oem4f (.text:ti_sysbios_BIOS_removeRTSLock__I)
                  000112c0    00000024     rom_sysbios.aem4f : rom_sysbios.obj (.text:ti_sysbios_family_arm_cc26xx_Timer_getMaxTicks__E)
                  000112e4    00000022     drivers_cc13x2.a : List.oem4f (.text:List_get)
                  00011306    00000022     TMP1075.obj (.text:TMP1075_config)
                  00011328    00000022     mtyeA_p070_schnellenergy_9.2.0.1.lib : miotyUlPhy.o (.text:miotyUlPhy_confirmJobDone)
                  0001134a    00000022                                          : mioty_ep_core_mac.o (.text:mioty_ep_mac_set_networkKey)
                  0001136c    00000020     dpl_cc13x2.a : HwiP_tirtos.oem4f (.text:HwiP_setFunc)
                  0001138c    00000020     driverlib.lib : aux_adc.obj (.text:NOROM_AUXADCEnableSync)
                  000113ac    00000020     drivers_cc13x2.a : NVSSPI25X.oem4f (.text:NVSSPI25X_initSpiCs)
                  000113cc    00000020                      : PowerCC26X2.oem4f (.text:Power_unregisterNotify)
                  000113ec    00000020     rf_multiMode_cc13x2.a : RFCC26X2_multiMode.c.cc13x2.ccs.o (.text:RF_clkPowerUp)
                  0001140c    00000020                           : RFCC26X2_multiMode.c.cc13x2.ccs.o (.text:RF_hwiCpe0ChangePhy)
                  0001142c    00000020                           : RFCC26X2_multiMode.c.cc13x2.ccs.o (.text:RF_isStateTransitionAllowed)
                  0001144c    00000020                           : RFCC26X2_multiMode.c.cc13x2.ccs.o (.text:RF_ratIsRunning)
                  0001146c    00000020     flash_interface_ext_rtos_NVS.obj (.text:flash_close)
                  0001148c    00000020     rtsv7M4_T_le_v4SPD16_eabi.lib : u_tofd_t2.asm.obj (.text)
                  000114ac    00000020     sf_app_hal_timer.obj (.text:sf_app_hal_timer_init)
                  000114cc    00000020     mtyeA_p070_schnellenergy_9.2.0.1.lib : sf_stack.o (.text:sf_stack_nb_isBusy)
                  000114ec    00000020                                          : sf_stack.o (.text:sf_stack_pushConfig)
                  0001150c    00000020     drivers_cc13x2.a : UARTCC26XX.oem4f (.text:threadSafeStdbyDisRelease)
                  0001152c    00000020                      : UARTCC26XX.oem4f (.text:threadSafeStdbyDisSet)
                  0001154c    00000020     release_pem4f.oem4f (.text:ti_sysbios_BIOS_rtsLock__I)
                  0001156c    00000020     rom_sysbios.aem4f : rom_sysbios.obj (.text:ti_sysbios_family_arm_cc26xx_Timer_dynamicStub__E)
                  0001158c    00000020                       : rom_sysbios.obj (.text:xdc_runtime_Error_policyMin__E)
                  000115ac    0000001e     drivers_cc13x2.a : PowerCC26X2.oem4f (.text:Power_getTransitionLatency)
                  000115ca    0000001e     sf_stack_hal_aes.obj (.text:sf_stack_hal_aes_ecbEncrypt)
                  000115e8    0000001c     drivers_cc13x2.a : GPIOCC26XX.oem4f (.text:GPIO_read)
                  00011604    0000001c     driverlib.lib : chipinfo.obj (.text:NOROM_ChipInfo_GetChipFamily)
                  00011620    0000001c     drivers_cc13x2.a : NVSSPI25X.oem4f (.text:NVSSPI25X_lock)
                  0001163c    0000001c     dpl_cc13x2.a : PowerCC26X2_tirtos.oem4f (.text:PowerCC26XX_schedulerDisable)
                  00011658    0000001c                  : PowerCC26X2_tirtos.oem4f (.text:PowerCC26XX_schedulerRestore)
                  00011674    0000001c     rf_multiMode_cc13x2.a : RFCC26X2_multiMode.c.cc13x2.ccs.o (.text:RF_clkInactivityCallback)
                  00011690    0000001c                           : RFCC26X2_multiMode.c.cc13x2.ccs.o (.text:RF_getPAOverrideOffsetAndValue)
                  000116ac    0000001c                           : RFCC26X2_multiMode.c.cc13x2.ccs.o (.text:RF_powerConstraintSet)
                  000116c8    0000001c     TMP1075.obj (.text:TMP1075_toFloatCelsius)
                  000116e4    0000001c     drivers_cc13x2.a : UDMACC26XX.oem4f (.text:UDMACC26XX_initHw)
                  00011700    0000001c     sf_memory_management.obj (.text:loc_getNvmOffset)
                  0001171c    0000001c     mtyeA_p070_schnellenergy_9.2.0.1.lib : sf_sal_mioty.o (.text:loc_setRxWindow)
                  00011738    0000001c                                          : sf_stack_hal_mioty_crypto.o (.text:miotyEpHalCrypto_aes128EcbEncrypt)
                  00011754    0000001c                                          : miotyPhyProfiles.o (.text:miotyPhyProfiles_getSymbolDuration_ps)
                  00011770    0000001c                                          : miotyPhyProfiles.o (.text:miotyPhyProfiles_getSymbolRate_mSs)
                  0001178c    0000001c     sf_app_hal_mem.obj (.text:sf_app_hal_mem_read)
                  000117a8    0000001c     mtyeA_p070_schnellenergy_9.2.0.1.lib : sf_stack_hal_mioty_radio.o (.text:sf_mioty_hal_getTxPower)
                  000117c4    0000001c                                          : sf_stack_hal_mioty_radio.o (.text:sf_mioty_hal_init)
                  000117e0    0000001c     sf_stack_hal_serial.obj (.text:sf_stack_hal_serial_run)
                  000117fc    0000001c     sf_stack_hal_aes.obj (.text:st_stack_hal_aes_init)
                  00011818    0000001c     rom_sysbios.aem4f : rom_sysbios.obj (.text:ti_sysbios_family_arm_m3_Hwi_clearInterrupt__E)
                  00011834    0000001c                       : rom_sysbios.obj (.text:ti_sysbios_knl_Swi_construct2__E)
                  00011850    0000001c     release_pem4f.oem4f (.text:xdc_runtime_Startup_exec__I)
                  0001186c    00000018     ti_drivers_config.obj (.text:Board_init)
                  00011884    00000018     drivers_cc13x2.a : GPIOCC26XX.oem4f (.text:GPIO_disableInt)
                  0001189c    00000018                      : GPIO.oem4f (.text:GPIO_setCallback)
                  000118b4    00000018                      : PowerCC26X2.oem4f (.text:Power_idleFunc)
                  000118cc    00000018     rf_multiMode_cc13x2.a : RFCC26X2_multiMode.c.cc13x2.ccs.o (.text:RF_cancelCmd)
                  000118e4    00000018                           : RFCC26X2_multiMode.c.cc13x2.ccs.o (.text:RF_swiFsm)
                  000118fc    00000018     drivers_cc13x2.a : UART.oem4f (.text:UART_Params_init)
                  00011914    00000018     rtsv7M4_T_le_v4SPD16_eabi.lib : args_main.c.obj (.text:_args_main)
                  0001192c    00000018     sf_stack_hal_serial.obj (.text:loc_halSerialTask)
                  00011944    00000018     mtyeA_p070_schnellenergy_9.2.0.1.lib : sf_stack.o (.text:loc_stack_ex_nb_isBusy)
                  0001195c    00000018                                          : mioty_ep_core_mac_bidi.o (.text:mioty_ep_mac_get_downlink_sync_info)
                  00011974    00000018                                          : mioty_ep_core_mac_bidi.o (.text:mioty_ep_mac_report_corrupted_dl)
                  0001198c    00000018     rtsv7M4_T_le_v4SPD16_eabi.lib : ll_mul_t2.asm.obj (.text)
                  000119a4    00000018     scif_framework.obj (.text:scifWaitOnNbl)
[...]
1002ec87  ti_sysbios_family_arm_cc26xx_Timer_setPeriod__E                    
1002ec8b  ti_sysbios_family_arm_m3_Hwi_delete                                
1002ec8f  ti_sysbios_family_arm_m3_TaskSupport_Module__startupDone__S        
1002ec8f  ti_sysbios_knl_Task_SupportProxy_Module__startupDone__S            
1002ec93  ti_sysbios_gates_GateHwi_query__E                                  
1002ec93  xdc_runtime_Main_Module_GateProxy_query__E                         
1002ec93  xdc_runtime_System_Module_GateProxy_query__E                       
1002ec93  xdc_runtime_System_Module_GateProxy_query__E                       
1002ec97  ti_sysbios_gates_GateMutex_delete                                  
1002ec9b  ti_sysbios_BIOS_RtsGateProxy_query__E                              
1002ec9b  ti_sysbios_BIOS_RtsGateProxy_query__E                              
1002ec9b  ti_sysbios_gates_GateMutex_query__E                                
1002ec9b  ti_sysbios_heaps_HeapMem_Module_GateProxy_query__E                 
1002ec9b  ti_sysbios_heaps_HeapMem_Module_GateProxy_query__E                 
1002ec9f  ti_sysbios_hal_Hwi_HwiProxy_create                                 
1002eca3  ti_sysbios_hal_Hwi_HwiProxy_delete                                 
1002eca7  ti_sysbios_hal_Hwi_delete                                          
1002ecab  ti_sysbios_heaps_HeapMem_Module_GateProxy_enter__E                 
1002ecaf  ti_sysbios_heaps_HeapMem_Module_GateProxy_leave__E                 
1002ecb3  ti_sysbios_knl_Clock_TimerProxy_getExpiredTicks__E                 
1002ecb7  ti_sysbios_knl_Clock_TimerProxy_getPeriod__E                       
1002ecbb  ti_sysbios_knl_Clock_delete                                        
1002ecbf  ti_sysbios_knl_Clock_removeI__E                                    
1002ecc3  ti_sysbios_knl_Clock_setTimeout__E                                 
1002ecc7  ti_sysbios_knl_Event_delete                                        
1002eccb  ti_sysbios_knl_Mailbox_delete                                      
1002eccf  ti_sysbios_knl_Queue_delete                                        
1002ecd3  ti_sysbios_knl_Queue_head__E                                       
1002ecd7  ti_sysbios_knl_Queue_next__E                                       
1002ecdb  ti_sysbios_knl_Semaphore_delete                                    
1002ecdf  ti_sysbios_knl_Swi_delete                                          
1002ece3  ti_sysbios_knl_Swi_postInit__I                                     
1002ece7  ti_sysbios_knl_Task_delete                                         
1002eceb  ti_sysbios_knl_Task_startup__E                                     
1002ecf1  xdc_runtime_System_doPrint__I                                      
1002f055  xdc_runtime_Startup_startMods__I                                   
1002f15d  xdc_runtime_Text_putSite__E                                        
1002f1f7  xdc_runtime_Error_policySpin__E                                    
1002f1f9  xdc_runtime_Text_putMod__E                                         
1002f289  xdc_runtime_Memory_alloc__E                                        
1002f2f9  xdc_runtime_Core_createObject__I                                   
1002f367  xdc_runtime_Core_deleteObject__I                                   
1002f3c5  xdc_runtime_Text_putLab__E                                         
1002f421  xdc_runtime_Assert_raise__I                                        
1002f475  xdc_runtime_Startup_exec__E                                        
1002f4c9  xdc_runtime_Core_assignParams__I                                   
1002f511  xdc_runtime_Core_constructObject__I                                
1002f559  xdc_runtime_System_atexit__E                                       
1002f5a1  xdc_runtime_Text_xprintf__I                                        
1002f5e5  xdc_runtime_System_processAtExit__E                                
1002f625  xdc_runtime_System_putchar__I                                      
1002f659  xdc_runtime_Core_assignLabel__I                                    
1002f689  xdc_runtime_Text_printVisFxn__I                                    
1002f6b9  xdc_runtime_System_vprintf__E                                      
1002f6e5  xdc_runtime_Text_cordText__E                                       
1002f711  xdc_runtime_System_abort__E                                        
1002f739  xdc_runtime_Error_raiseX__E                                        
1002f759  xdc_runtime_Registry_findById__E                                   
1002f779  xdc_runtime_Error_check__E                                         
1002f795  xdc_runtime_Memory_valloc__E                                       
1002f7b1  xdc_runtime_System_exit__E                                         
1002f7cd  xdc_runtime_Text_ropeText__E                                       
1002f7e9  xdc_runtime_System_printf__E                                       
1002f803  xdc_runtime_Core_destructObject__I                                 
1002f81b  xdc_runtime_System_abortSpin__E                                    
1002f81d  xdc_runtime_Memory_free__E                                         
1002f831  xdc_runtime_Memory_getStats__E                                     
1002f845  xdc_runtime_SysCallback_abort__E                                   
1002f845  xdc_runtime_System_SupportProxy_abort__E                           
1002f859  xdc_runtime_SysCallback_exit__E                                    
1002f859  xdc_runtime_System_SupportProxy_exit__E                            
1002f86d  xdc_runtime_SysCallback_flush__E                                   
1002f86d  xdc_runtime_System_SupportProxy_flush__E                           
1002f86d  xdc_runtime_System_flush__E                                        
1002f881  xdc_runtime_SysCallback_putch__E                                   
1002f881  xdc_runtime_System_SupportProxy_putch__E                           
1002f895  xdc_runtime_SysCallback_ready__E                                   
1002f895  xdc_runtime_System_SupportProxy_ready__E                           
1002f8a9  xdc_runtime_Memory_getMaxDefaultTypeAlign__E                       
1002f8b9  xdc_runtime_System_vsnprintf__E                                    
1002f8c9  xdc_runtime_Timestamp_SupportProxy_get32__E                        
1002f8c9  xdc_runtime_Timestamp_SupportProxy_get32__E                        
1002f8c9  xdc_runtime_Timestamp_get32__E                                     
1002f8c9  xdc_runtime_Timestamp_get32__E                                     
1002f8d9  xdc_runtime_Memory_calloc__E                                       
1002f8e5  xdc_runtime_Startup_rtsDone__E                                     
1002f8f1  xdc_runtime_Memory_HeapProxy_alloc__E                              
1002f8fb  xdc_runtime_Memory_HeapProxy_free__E                               
1002f905  xdc_runtime_Memory_HeapProxy_getStats__E                           
1002f90f  xdc_runtime_Gate_leaveSystem__E                                    
1002f915  xdc_runtime_System_Module_startup__E                               
1002f91b  xdc_runtime_Gate_enterSystem__E                                    
1002f91f  xdc_runtime_SysCallback_Module__startupDone__S                     
1002f91f  xdc_runtime_System_SupportProxy_Module__startupDone__S             
1002f923  xdc_runtime_System_Module_GateProxy_enter__E                       
1002f927  xdc_runtime_System_Module_GateProxy_leave__E                       
1002f92b  xdc_runtime_System_printf_va__F                                    
1002f92f  xdc_runtime_System_exitSpin__E                                     
1002f931  ti_sysbios_family_arm_m3_Hwi_dispatch__I                           
1002fa11  ti_sysbios_family_arm_m3_Hwi_interruptsAreDisabledButShouldNotBe   
1002fa2d  ti_sysbios_family_arm_m3_TaskSupport_buildTaskStack                
1002fab9  ti_sysbios_family_arm_m3_Hwi_initStacks__E                         
1002fb11  ti_sysbios_family_arm_m3_Hwi_pendSV__I                             
1002fb35  ti_sysbios_family_arm_m3_Hwi_return                                
1002fb39  ti_sysbios_family_arm_m3_Hwi_excHandlerAsm__I                      
1002fb59  ti_sysbios_family_xxx_Hwi_switchAndRunFunc                         
1002fb77  ti_sysbios_family_arm_m3_TaskSupport_swap__E                       
1002fb77  ti_sysbios_knl_Task_SupportProxy_swap__E                           
1002fb77  ti_sysbios_knl_Task_SupportProxy_swap__E                           
1002fb83  ti_sysbios_knl_Task_swapReturn                                     
1002fb8f  ti_sysbios_family_arm_m3_TaskSupport_glue                          
1002fba0  ti_sysbios_knl_Task_Object__PARAMS__C                              
1002fbdc  ti_sysbios_knl_Mailbox_Object__PARAMS__C                           
1002fc10  ti_sysbios_family_arm_m3_Hwi_Object__PARAMS__C                     
1002fc40  ti_sysbios_hal_Hwi_Object__PARAMS__C                               
1002fc6c  ti_sysbios_knl_Swi_Object__PARAMS__C                               
1002fc94  ti_sysbios_heaps_HeapMem_Object__PARAMS__C                         
1002fcb8  ti_sysbios_knl_Clock_Object__PARAMS__C                             
1002fcdc  ti_sysbios_knl_Semaphore_Object__PARAMS__C                         
1002fd00  ti_sysbios_gates_GateHwi_Object__PARAMS__C                         
1002fd18  ti_sysbios_gates_GateMutex_Object__PARAMS__C                       
1002fd30  ti_sysbios_knl_Event_Object__PARAMS__C                             
1002fd48  ti_sysbios_knl_Queue_Object__PARAMS__C                             
1002fd80  ti_sysbios_heaps_HeapTrack_Object__PARAMS__C                       
1002fd9c  ti_sysbios_heaps_HeapTrack_Instance_State_trackQueue__O            
1002fda0  ti_sysbios_heaps_HeapTrack_Module__diagsEnabled__C                 
1002fda4  ti_sysbios_heaps_HeapTrack_Module__diagsIncluded__C                
1002fda8  ti_sysbios_heaps_HeapTrack_Module__diagsMask__C                    
1002fddb  strlen                                                             
20000000  __start___llvm_prf_cnts                                            
20000000  __stop___llvm_prf_cnts                                             
20000000  ti_sysbios_family_arm_m3_Hwi_ramVectors                            
20000100  xdcRomConstPtr                                                     
20000104  xdcRomExternFuncPtr                                                
20000108  xdcRomStatePtr                                                     
20000110  __primary_heap_start__                                             
20001110  __primary_heap_end__                                               
20003f58  PowerCC26X2_module                                                 
200040c8  ROM_stateStruct                                                    
200040c8  ti_sysbios_knl_Clock_Module__state__V                              
200040f4  ti_sysbios_family_arm_cc26xx_TimestampProvider_Module__state__V    
200040f8  xdc_runtime_Startup_Module__state__V                               
20004100  xdc_runtime_Registry_Module__state__V                              
20004108  ti_sysbios_BIOS_Module__state__V                                   
2000412c  ti_sysbios_knl_Swi_Module__state__V                                
20004148  ti_sysbios_knl_Task_Module__state__V                               
2000418c  xdc_runtime_Memory_Module__state__V                                
20004190  xdc_runtime_System_Module__state__V                                
20004198  ti_sysbios_family_arm_m3_Hwi_Module__state__V                      
200041cc  ti_sysbios_family_arm_cc26xx_Timer_Module__state__V                
20004288  _node                                                              
20004334  gpioPinConfigs                                                     
200043b0  gFirstMiotyTx                                                      
200043b1  gFirstMiotyInit                                                    
200043b2  gStackIsBusy                                                       
200043b3  gMiotyMpf                                                          
200043b4  gRxWindowEnabled                                                   
200043b8  gpMiotyNvmContentStorage                                           
200043bc  gSalCallback                                                       
200043c0  gDlData                                                            
200043d2  gMiotyEpSettings                                                   
2000440c  gRfUl_overrides                                                    
20004460  gPreviousTime                                                      
200044b0  ti_sysbios_knl_Task_Object__table__V                               
20004500  ti_sysbios_family_arm_cc26xx_Timer_Object__table__V                
20004548  ti_sysbios_gates_GateMutex_Object__table__V                        
20004580  ti_sysbios_knl_Swi_Module_State_0_readyQ__A                        
200045b0  ti_sysbios_knl_Swi_Object__table__V                                
200045e0  ti_sysbios_knl_Task_Module_State_0_readyQ__A                       
20004610  rfDl_propRadioDivSetup_overrides                                   
2000463c  gRfDl_cmdPropRadioDivSetup                                         
20004664  gRfUl_cmdPropRadioDivSetup                                         
2000468c  _hposcCoeffs                                                       
200046b0  gRfDl_cmdPropRx                                                    
200046d4  gRf_cmdPropTx                                                      
200046f4  ti_sysbios_knl_Clock_Object__table__V                              
20004714  xdc_runtime_Error_IgnoreBlock                                      
20004750  gRfDl_cmdFs                                                        
20004768  gRfUl_cmdFS                                                        
20004780  ti_sysbios_family_arm_m3_Hwi_Object__table__V                      
20004798  ti_sysbios_heaps_HeapMem_Object__table__V                          
200047d4  gPalmCtx                                                           
200047e4  gRfDl_prop                                                         
200047f4  gRfProp                                                            
2000481c  _lock                                                              
20004820  _unlock                                                            
20004824  RFCC26XX_schedulerPolicy                                           
2000482c  ti_sysbios_family_arm_m3_Hwi_Module__root__V                       
20004834  ti_sysbios_gates_GateHwi_Module__root__V                           
2000483c  ti_sysbios_gates_GateMutex_Module__root__V                         
20004844  ti_sysbios_hal_Hwi_Module__root__V                                 
2000484c  ti_sysbios_heaps_HeapMem_Module__root__V                           
20004854  ti_sysbios_knl_Clock_Module__root__V                               
2000485c  ti_sysbios_knl_Event_Module__root__V                               
20004864  ti_sysbios_knl_Mailbox_Module__root__V                             
2000486c  ti_sysbios_knl_Queue_Module__root__V                               
20004874  ti_sysbios_knl_Semaphore_Module__root__V                           
2000487c  ti_sysbios_knl_Swi_Module__root__V                                 
20004884  ti_sysbios_knl_Task_Module__root__V                                
2000488c  xdc_runtime_System_Module_State_0_atexitHandlers__A                
20004898  main_func_sp                                                       
2000489c  gpAppTimerHandle                                                   
200048a0  gpRfHandle                                                         
200048a4  ti_sysbios_family_arm_m3_Hwi_Module_State_0_excContext__A          
200048a8  ti_sysbios_family_arm_m3_Hwi_Module_State_0_excStack__A            
200048ac  ti_sysbios_knl_Task_Module_State_0_idleTask__A                     
200048b1  configEntryFlag                                                    
200048b3  CryptoResourceCC26XX_pollingFlag                                   
200048b6  ti_sysbios_family_arm_m3_Hwi_Module_State_0_excActive__A           
200048be  gIsrPending                                                        
200052c0  ti_sysbios_knl_Task_Instance_State_0_stack__A                      
200054c0  uartCC26XXObjects                                                  
200057ec  i2cCC26xxObjects                                                   
20005a30  gRfObject                                                          
20005b30  spiCC26X2DMAObjects                                                
20005c30  ti_sysbios_family_arm_m3_Hwi_dispatchTable                         
20005d08  gpioCallbackFunctions                                              
20005d84  gpioUserArgs                                                       
20005e18  gEpLLCtx                                                           
20005ea0  CryptoResourceCC26XX_accessSemaphore                               
20005ef0  CryptoResourceCC26XX_operationSemaphore                            
20005f40  gSerialTask                                                        
20005f90  gStackTaskStruct                                                   
2000608c  aesecbCC26XXObjects                                                
200060b4  gMiotyRfCtx                                                        
20006100  params                                                             
20006144  udmaCC26XXObject                                                   
20006228  CryptoResourceCC26XX_hwi                                           
20006244  gMiotyRadioCtx                                                     
20006290  gCryptoKey                                                         
200062a0  i2cParams                                                          
200062c8  nvsSPI25XObjects                                                   
200062ec  PowerCC26XX_swiKey                                                 
200062f0  PowerCC26XX_taskKey                                                
200062f4  adcCC26xxObjects                                                   
200062f8  gfp_callback                                                       
200062fc  i2c                                                                
20006300  semUpdateTriggerHandle                                             
20006304  tmp10750TempAsFloatCelsius                                         
20006308  uartHandle                                                         
2000630e  gb_readActive                                                      
2000630f  gc_uart_RtosBuffer                                                 
20013c00  __stack                                                            
20014000  __STACK_END                                                        
e000e000  ti_sysbios_family_arm_m3_Hwi_nvic                                  
ffffffff  __TI_pprof_out_hndl                                                
ffffffff  __TI_prof_data_size                                                
ffffffff  __TI_prof_data_start                                               
ffffffff  __binit__                                                          
ffffffff  __c_args__                                                         
ffffffff  binit                                                              
UNDEFED   ITM_flush                                                          
UNDEFED   ITM_restore                                                        
UNDEFED   PIN_hwi_bypass                                                     
UNDEFED   SHT$$INIT_ARRAY$$Base                                              
UNDEFED   SHT$$INIT_ARRAY$$Limit                                             

[1327 symbols]
